******************************************************************************
                  MSP430 Linker PC v21.6.1                     
******************************************************************************
>> Linked Thu Jul 31 15:12:58 2025

OUTPUT FILE NAME:   <AudioCast.out>
ENTRY POINT SYMBOL: "_c_int00_noargs_mpu"  address: 0000ea46


MEMORY CONFIGURATION

         name            origin    length      used     unused   attr    fill
----------------------  --------  ---------  --------  --------  ----  --------
  SFR                   00000000   00000010  00000000  00000010  RWIX
  PERIPHERALS_8BIT      00000010   000000f0  00000000  000000f0  RWIX
  PERIPHERALS_16BIT     00000100   00000100  00000000  00000100  RWIX
  INFOD                 00001800   00000080  00000000  00000080  RWIX
  INFOC                 00001880   00000080  00000000  00000080  RWIX
  INFOB                 00001900   00000080  00000000  00000080  RWIX
  INFOA                 00001980   00000080  00000000  00000080  RWIX
  RAM                   00001c00   00000800  000007c3  0000003d  RWIX
  FRAM                  00004400   0000bb80  0000b6d0  000004b0  RWIX
  JTAGSIGNATURE         0000ff80   00000004  00000004  00000000  RWIX  ffff 
  BSLSIGNATURE          0000ff84   00000004  00000004  00000000  RWIX  ffff 
  IPESIGNATURE          0000ff88   00000008  00000008  00000000  RWIX  ffff 
  INT00                 0000ff90   00000002  00000000  00000002  RWIX
  INT01                 0000ff92   00000002  00000000  00000002  RWIX
  INT02                 0000ff94   00000002  00000000  00000002  RWIX
  INT03                 0000ff96   00000002  00000000  00000002  RWIX
  INT04                 0000ff98   00000002  00000000  00000002  RWIX
  INT05                 0000ff9a   00000002  00000000  00000002  RWIX
  INT06                 0000ff9c   00000002  00000000  00000002  RWIX
  INT07                 0000ff9e   00000002  00000000  00000002  RWIX
  INT08                 0000ffa0   00000002  00000000  00000002  RWIX
  INT09                 0000ffa2   00000002  00000000  00000002  RWIX
  INT10                 0000ffa4   00000002  00000000  00000002  RWIX
  INT11                 0000ffa6   00000002  00000000  00000002  RWIX
  INT12                 0000ffa8   00000002  00000000  00000002  RWIX
  INT13                 0000ffaa   00000002  00000000  00000002  RWIX
  INT14                 0000ffac   00000002  00000000  00000002  RWIX
  INT15                 0000ffae   00000002  00000000  00000002  RWIX
  INT16                 0000ffb0   00000002  00000000  00000002  RWIX
  INT17                 0000ffb2   00000002  00000000  00000002  RWIX
  INT18                 0000ffb4   00000002  00000000  00000002  RWIX
  INT19                 0000ffb6   00000002  00000000  00000002  RWIX
  INT20                 0000ffb8   00000002  00000000  00000002  RWIX
  INT21                 0000ffba   00000002  00000000  00000002  RWIX
  INT22                 0000ffbc   00000002  00000000  00000002  RWIX
  INT23                 0000ffbe   00000002  00000000  00000002  RWIX
  INT24                 0000ffc0   00000002  00000000  00000002  RWIX
  INT25                 0000ffc2   00000002  00000000  00000002  RWIX
  INT26                 0000ffc4   00000002  00000000  00000002  RWIX
  INT27                 0000ffc6   00000002  00000000  00000002  RWIX
  INT28                 0000ffc8   00000002  00000000  00000002  RWIX
  INT29                 0000ffca   00000002  00000000  00000002  RWIX
  INT30                 0000ffcc   00000002  00000002  00000000  RWIX
  INT31                 0000ffce   00000002  00000002  00000000  RWIX
  INT32                 0000ffd0   00000002  00000002  00000000  RWIX
  INT33                 0000ffd2   00000002  00000002  00000000  RWIX
  INT34                 0000ffd4   00000002  00000002  00000000  RWIX
  INT35                 0000ffd6   00000002  00000002  00000000  RWIX
  INT36                 0000ffd8   00000002  00000002  00000000  RWIX
  INT37                 0000ffda   00000002  00000002  00000000  RWIX
  INT38                 0000ffdc   00000002  00000002  00000000  RWIX
  INT39                 0000ffde   00000002  00000002  00000000  RWIX
  INT40                 0000ffe0   00000002  00000002  00000000  RWIX
  INT41                 0000ffe2   00000002  00000002  00000000  RWIX
  INT42                 0000ffe4   00000002  00000002  00000000  RWIX
  INT43                 0000ffe6   00000002  00000002  00000000  RWIX
  INT44                 0000ffe8   00000002  00000002  00000000  RWIX
  INT45                 0000ffea   00000002  00000002  00000000  RWIX
  INT46                 0000ffec   00000002  00000002  00000000  RWIX
  INT47                 0000ffee   00000002  00000002  00000000  RWIX
  INT48                 0000fff0   00000002  00000002  00000000  RWIX
  INT49                 0000fff2   00000002  00000002  00000000  RWIX
  INT50                 0000fff4   00000002  00000002  00000000  RWIX
  INT51                 0000fff6   00000002  00000002  00000000  RWIX
  INT52                 0000fff8   00000002  00000002  00000000  RWIX
  INT53                 0000fffa   00000002  00000002  00000000  RWIX
  INT54                 0000fffc   00000002  00000002  00000000  RWIX
  RESET                 0000fffe   00000002  00000002  00000000  RWIX
  FRAM2                 00010000   00003ff8  00000000  00003ff8  RWIX


SECTION ALLOCATION MAP

 output                                  attributes/
section   page    origin      length       input sections
--------  ----  ----------  ----------   ----------------
.TI.persistent 
*          0    00004400    00000000     UNINITIALIZED

.cio       0    00004400    00000120     UNINITIALIZED
                  00004400    00000120     rts430x_sc_sd_eabi.lib : trgmsg.c.obj (.cio)

.sysmem    0    00004520    00000160     UNINITIALIZED
                  00004520    00000008     rts430x_sc_sd_eabi.lib : memory.c.obj (.sysmem)
                  00004528    00000158     --HOLE--

.ipestruct 
*          0    00004800    00000000     UNINITIALIZED

.ipe       0    00004800    00000000     UNINITIALIZED

.ipe_const 
*          0    00004800    00000000     UNINITIALIZED

.ipe:_isr 
*          0    00004800    00000000     UNINITIALIZED

.ipe_vars 
*          0    00004800    00000000     UNINITIALIZED

.cinit     0    0000fa62    0000006e     
                  0000fa62    0000005b     (.cinit..data.load) [load image, compression = lzss]
                  0000fabd    00000001     --HOLE-- [fill = 0]
                  0000fabe    00000006     (__TI_handler_table)
                  0000fac4    00000004     (.cinit..bss.load) [load image, compression = zero_init]
                  0000fac8    00000008     (__TI_cinit_table)

.binit     0    00004400    00000000     

.text      0    00004800    0000a4ca     
                  00004800    00000ae0     ggwave.obj (.text:_ZN6GGWave6encodeEv)
                  000052e0    00000ade     rts430x_sc_sd_eabi.lib : k_rem_pio2.c.obj (.text:__kernel_rem_pio2)
                  00005dbe    000008fc                            : s_sin.c.obj (.text:sin)
                  000066ba    000008f8                            : s_cos.c.obj (.text:cos)
                  00006fb2    0000072a                            : addd.c.obj (.text:__mspabi_addd)
                  000076dc    000004c4     ggwave.obj (.text:_ZN6GGWave5allocEPvRi)
                  00007ba0    00000468     rts430x_sc_sd_eabi.lib : frcdivd.c.obj (.text:__TI_frcdivd)
                  00008008    0000043c     ggwave.obj (.text:_ZN6GGWave9Resampler8resampleEfiPKfPf)
                  00008444    000003ca     ggwave.obj (.text:_ZN6GGWave7prepareERK17ggwave_Parametersb)
                  0000880e    0000034e     rts430x_sc_sd_eabi.lib : div64u.c.obj (.text:__mspabi_divull)
                  00008b5c    000002f0     ggwave.obj (.text:_ZN2RS11ReedSolomon11EncodeBlockEPKvPv)
                  00008e4c    000002da     rts430x_sc_sd_eabi.lib : e_sqrt.c.obj (.text:sqrt)
                  00009126    000002a8                            : k_sin.c.obj (.text:__kernel_sin)
                  000093ce    00000292                            : mpyd.c.obj (.text:__mspabi_mpyd)
                  00009660    0000027e                            : _printfi.c.obj (.text:__TI_printfi:__TI_printfi)
                  000098de    00000264                            : k_cos.c.obj (.text:__kernel_cos)
                  00009b42    00000262                            : _printfi.c.obj (.text:_pproc_fgea)
                  00009da4    00000246     ggwave.obj (.text:_ZN6GGWave4initEiPKc17ggwave_ProtocolIdi)
                  00009fea    00000246     rts430x_sc_sd_eabi.lib : _printfi.c.obj (.text:__TI_printfi:_setfield___TI_printfi)
                  0000a230    00000238                            : _printfi.c.obj (.text:acvt)
                  0000a468    0000021a                            : divd.c.obj (.text:__mspabi_divd)
                  0000a682    000001e8                            : _printfi.c.obj (.text:__TI_printfi:_getarg_diouxp___TI_printfi)
                  0000a86a    000001d2                            : _printfi.c.obj (.text:ecvt)
                  0000aa3c    000001c0                            : s_floor.c.obj (.text:floor)
                  0000abfc    000001b8                            : _printfi.c.obj (.text:fcvt)
                  0000adb4    0000019a     main.obj (.text:_Z10init_radiov)
                  0000af4e    0000019a     rts430x_sc_sd_eabi.lib : _printfi.c.obj (.text:_pconv_e)
                  0000b0e8    0000016a     ggwave.obj (.text:_ZN34_GLOBAL__N__10_ggwave_cpp_4bcb2b8b18addAmplitudeSmoothERK8ggvectorIfERS1_fiiii)
                  0000b252    00000168     rts430x_sc_sd_eabi.lib : _printfi.c.obj (.text:_pconv_a)
                  0000b3ba    00000164     ggwave.obj (.text:_ZN6GGWave9Protocols2rxEv)
                  0000b51e    00000164     ggwave.obj (.text:_ZN6GGWave9Protocols2txEv)
                  0000b682    00000164     rts430x_sc_sd_eabi.lib : frcmpyd.c.obj (.text:__TI_frcmpyd)
                  0000b7e6    00000158                            : s_scalbn.c.obj (.text:scalbn)
                  0000b93e    0000014a     main.obj (.text:_ZN6GGWaveC1Ev)
                  0000ba88    00000140     rts430x_sc_sd_eabi.lib : _printfi.c.obj (.text:__TI_printfi:_pproc_diouxp___TI_printfi)
                  0000bbc8    0000013c                            : div64s.c.obj (.text:__mspabi_divlli)
                  0000bd04    00000132                            : fs_add.asm.obj (.text)
                  0000be36    0000012c     ggwave.obj (.text:_ZN2RS11ReedSolomonC1EhhPh)
                  0000bf62    0000012c     ggwave.obj (.text:_ZN6GGWave9Resampler8makeSincEv)
                  0000c08e    00000122     rts430x_sc_sd_eabi.lib : _printfi.c.obj (.text:__TI_printfi:_ltostr___TI_printfi)
                  0000c1b0    0000010c     main.obj (.text:_Z9send_textR6GGWavePKc17ggwave_ProtocolId)
                  0000c2bc    0000010a     Adafruit_Si4713.obj (.text:_ZN15Adafruit_Si47135beginEv)
                  0000c3c6    000000f4     ggwave.obj (.text:_ZNK6GGWave9Resampler4sincEd)
                  0000c4ba    000000f4     rts430x_sc_sd_eabi.lib : _printfi.c.obj (.text:_pconv_g)
                  0000c5ae    000000e6                            : memory.c.obj (.text:aligned_alloc)
                  0000c694    000000e4                            : fputs.c.obj (.text:fputs)
                  0000c778    000000dc                            : _printfi.c.obj (.text:__TI_printfi:_pproc_fwp___TI_printfi)
                  0000c854    000000da     ggwave.obj (.text:_ZN6GGWave2RxC1Ev)
                  0000c92e    000000d8     rts430x_sc_sd_eabi.lib : cmpd.c.obj (.text:__mspabi_cmpd)
                  0000ca06    000000cc                            : setvbuf.c.obj (.text:setvbuf)
                  0000cad2    000000c8                            : memory.c.obj (.text:free)
                  0000cb9a    000000c6     I2C.obj (.text:USCI_B0_ISR)
                  0000cc60    000000c4     rts430x_sc_sd_eabi.lib : fs_mpy.asm.obj (.text)
                  0000cd24    000000b8                            : fclose.c.obj (.text:__TI_closefile)
                  0000cddc    000000b8                            : _printfi.c.obj (.text:__TI_printfi:_pproc_wstr___TI_printfi)
                  0000ce94    000000b2                            : cvtdf.c.obj (.text:__mspabi_cvtdf)
                  0000cf46    000000b0                            : _io_perm.c.obj (.text:__TI_wrt_ok)
                  0000cff6    000000a6     main.obj (.text:_Z8init_mspv)
                  0000d09c    000000a6     rts430x_sc_sd_eabi.lib : s_frexp.c.obj (.text:frexp)
                  0000d142    000000a4                            : getdevice.c.obj (.text:getdevice)
                  0000d1e6    0000009e                            : _printfi.c.obj (.text:__TI_printfi:_pproc_str___TI_printfi)
                  0000d284    0000009e                            : fltlid.c.obj (.text:__mspabi_fltlid)
                  0000d322    0000009c                            : fs_div.asm.obj (.text)
                  0000d3be    0000009a     ggwave.obj (.text:_ZN2RS2gf8poly_mulEPKNS_4PolyES3_PS1_)
                  0000d458    00000098     main.obj (.text:_Z11init_ggwavev)
                  0000d4f0    0000008c     rts430x_sc_sd_eabi.lib : fputc.c.obj (.text:fputc)
                  0000d57c    0000008a                            : _printfi.c.obj (.text:_ecpy)
                  0000d606    0000008a                            : _printfi.c.obj (.text:_mcpy)
                  0000d690    00000082                            : hostlseek.c.obj (.text:HOSTlseek)
                  0000d712    00000080     ggwave.obj (.text:_ZN2RS4Poly4CopyEPKS0_)
                  0000d792    0000007e     rts430x_sc_sd_eabi.lib : hostrename.c.obj (.text:HOSTrename)
                  0000d810    0000007c                            : _ltoa.c.obj (.text:__TI_ltoa)
                  0000d88c    00000074                            : _printfi.c.obj (.text:_pconv_f)
                  0000d900    00000074     main.obj (.text:main)
                  0000d974    0000006e     ggwave.obj (.text:_ZN34_GLOBAL__N__10_ggwave_cpp_4bcb2b8b13linear_interpEddd)
                  0000d9e2    0000006e     rts430x_sc_sd_eabi.lib : copy_decompress_lzss.c.obj (.text:decompress:lzss:__TI_decompress_lzss)
                  0000da50    0000006c                            : autoinit.c.obj (.text:__TI_auto_init_nobinit_hold_wdt:__TI_auto_init_nobinit_hold_wdt)
                  0000dabc    0000006a                            : hostopen.c.obj (.text:HOSTopen)
                  0000db26    00000068                            : fs_toi.asm.obj (.text)
                  0000db8e    00000066                            : fixdli.c.obj (.text:__mspabi_fixdli)
                  0000dbf4    00000064                            : cvtfd.c.obj (.text:__mspabi_cvtfd)
                  0000dc58    00000064                            : memory.c.obj (.text:split$75)
                  0000dcbc    00000062                            : fflush.c.obj (.text:__TI_doflush)
                  0000dd1e    00000060                            : hostwrite.c.obj (.text:HOSTwrite)
                  0000dd7e    0000005e                            : hostread.c.obj (.text:HOSTread)
                  0000dddc    0000005c     ggwave.obj (.text:_ZN6GGWave9Resampler5resetEv)
                  0000de38    00000058     rts430x_sc_sd_eabi.lib : mult64_f5hw.asm.obj (.text:__mpyll)
                  0000de90    00000058                            : div32u.asm.obj (.text)
                  0000dee8    00000052                            : atoi.c.obj (.text:atoi)
                  0000df3a    00000050                            : rem64s.c.obj (.text:__mspabi_remlli)
                  0000df8a    0000004a                            : dtor_list.c.obj (.text:_ZN33_INTERNAL_11_dtor_list_c_14e673d611__TI_atexitEPFYvPvES0_S0_$43)
                  0000dfd4    0000004a                            : fs_cmp.asm.obj (.text)
                  0000e01e    00000048                            : hostunlink.c.obj (.text:HOSTunlink)
                  0000e066    00000048     I2C.obj (.text:I2C_Master_Read)
                  0000e0ae    00000048     rts430x_sc_sd_eabi.lib : _printfi.c.obj (.text:_fcpy)
                  0000e0f6    00000046                            : hostclose.c.obj (.text:HOSTclose)
                  0000e13c    00000046                            : fs_tou.asm.obj (.text)
                  0000e182    00000044     I2C.obj (.text:I2C_Master_Write)
                  0000e1c6    00000044     ggwave.obj (.text:_ZN34_GLOBAL__N__10_ggwave_cpp_4bcb2b8b20bytesForSampleFormatE19ggwave_SampleFormat)
                  0000e20a    00000044     rts430x_sc_sd_eabi.lib : vec_newdel.c.obj (.text:_ZN34_INTERNAL_12_vec_newdel_c_8a08d4a517array_new_generalEPvijjS0_PFYS0_S0_ES2_PFYS0_jEPFYvS0_Eii$46)
                  0000e24e    00000044                            : exit.c.obj (.text:exit)
                  0000e292    00000042     ggwave.obj (.text:_ZN6GGWave9ResamplerC1Ev)
                  0000e2d4    00000040     rts430x_sc_sd_eabi.lib : asr64.c.obj (.text:__mspabi_srall)
                  0000e314    00000040                            : div32s.asm.obj (.text)
                  0000e354    0000003e     ggwave.obj (.text:_ZNK2RS4Poly2atEh)
                  0000e392    0000003e     ggwave.obj (.text:_ZNK6GGWave14maxFramesPerTxERKNS_9ProtocolsEb)
                  0000e3d0    0000003e     rts430x_sc_sd_eabi.lib : asr32.asm.obj (.text:l_asr_const)
                  0000e40e    0000003e                            : lsl32.asm.obj (.text:l_lsl_const)
                  0000e44c    0000003e                            : lsr32.asm.obj (.text:l_lsr_const)
                  0000e48a    0000003a     ggwave.obj (.text:_Z7ggallocIfEvR8ggmatrixIT_EiiPvRi)
                  0000e4c4    0000003a     rts430x_sc_sd_eabi.lib : lsl64.c.obj (.text:__mspabi_sllll)
                  0000e4fe    0000003a                            : lsr64.c.obj (.text:__mspabi_srlll)
                  0000e538    0000003a                            : fprintf.c.obj (.text:fprintf)
                  0000e572    00000038                            : sprintf.c.obj (.text:sprintf)
                  0000e5aa    00000036                            : fs_itof.asm.obj (.text)
                  0000e5e0    00000034     ggwave.obj (.text:_ZN6GGWave9Resampler7newDataEf)
                  0000e614    0000002e     ggwave.obj (.text:_ZN8ggvectorIfE4copyERKS0_)
                  0000e642    0000002e     rts430x_sc_sd_eabi.lib : trgmsg.c.obj (.text:__TI_writemsg)
                  0000e670    0000002e                            : subd.c.obj (.text:__mspabi_subd)
                  0000e69e    0000002e                            : s_copysign.c.obj (.text:copysign)
                  0000e6cc    0000002c     ggwave.obj (.text:_Z7ggallocIfEvR8ggvectorIT_EiPvRi)
                  0000e6f8    0000002c     ggwave.obj (.text:_Z7ggallocIiEvR8ggvectorIT_EiPvRi)
                  0000e724    0000002c     Adafruit_Si4713.obj (.text:_ZN15Adafruit_Si471311sendCommandEh)
                  0000e750    0000002c     rts430x_sc_sd_eabi.lib : trgmsg.c.obj (.text:__TI_readmsg)
                  0000e77c    0000002c     MSPMPU_INIT_LIB_CCS_msp430_small_code_small_data.lib : mpu_init.o (.text:__mpu_init)
                  0000e7a8    0000002c     rts430x_sc_sd_eabi.lib : div16s.asm.obj (.text)
                  0000e7d4    0000002a     ggwave.obj (.text:_Z7ggallocIhEvR8ggvectorIT_EiPvRi)
                  0000e7fe    0000002a     Adafruit_Si4713.obj (.text:_ZN15Adafruit_Si471311setPropertyEjj)
                  0000e828    0000002a     rts430x_sc_sd_eabi.lib : negd.c.obj (.text:__mspabi_negd)
                  0000e852    00000028                            : fopen.c.obj (.text:__TI_cleanup)
                  0000e87a    00000028                            : mult3264_f5hw.asm.obj (.text:__mpyull)
                  0000e8a2    00000028                            : fixdi.c.obj (.text:__mspabi_fixdi)
                  0000e8ca    00000028                            : memory.c.obj (.text:free_list_insert$75)
                  0000e8f2    00000024                            : new.cpp.obj (.text:_Znwj)
                  0000e916    00000024                            : dtor_list.c.obj (.text:__cxa_ia64_exit)
                  0000e93a    00000024                            : fs_utof.asm.obj (.text)
                  0000e95e    00000022     main.obj (.text:_Z9ser_printPKc)
                  0000e980    00000022     rts430x_sc_sd_eabi.lib : assert.c.obj (.text:_abort_msg)
                  0000e9a2    00000022                            : memccpy.c.obj (.text:memccpy)
                  0000e9c4    00000022                            : write.c.obj (.text:write)
                  0000e9e6    00000020     ggwave.obj (.text:_ZN2RS11ReedSolomon6EncodeEPKvPv)
                  0000ea06    00000020     ggwave.obj (.text:_ZNK6GGWave13maxBytesPerTxERKNS_9ProtocolsE)
                  0000ea26    00000020     ggwave.obj (.text:_ZNK6GGWave13minBytesPerTxERKNS_9ProtocolsE)
                  0000ea46    00000020     rts430x_sc_sd_eabi.lib : boot.c.obj (.text:_c_int00_noargs_mpu)
                  0000ea66    00000020                            : mult32_f5hw.asm.obj (.text)
                  0000ea86    0000001c     ggwave.obj (.text:_ZN6GGWave4initEPKc17ggwave_ProtocolIdi)
                  0000eaa2    0000001c     rts430x_sc_sd_eabi.lib : memory.c.obj (.text:free_list_remove$75)
                  0000eabe    0000001a     main.obj (.text:__sti___8_main_cpp_ggwave)
                  0000ead8    0000001a     rts430x_sc_sd_eabi.lib : strchr.c.obj (.text:strchr)
                  0000eaf2    00000018                            : mult1632_f5hw.asm.obj (.text:__mpysl)
                  0000eb0a    00000018                            : sprintf.c.obj (.text:_outs$126)
                  0000eb22    00000016     ggwave.obj (.text:_ZN6GGWaveD1Ev)
                  0000eb38    00000016     rts430x_sc_sd_eabi.lib : llabs.c.obj (.text:llabs)
                  0000eb4e    00000016                            : div16u.asm.obj (.text)
                  0000eb64    00000014                            : copy_zero_init.c.obj (.text:decompress:ZI:__TI_zero_init)
                  0000eb78    00000014                            : memory.c.obj (.text:heap_size$75)
                  0000eb8c    00000014                            : memchr.c.obj (.text:memchr)
                  0000eba0    00000014                            : memset.c.obj (.text:memset)
                  0000ebb4    00000014                            : mult16_f5hw.asm.obj (.text)
                  0000ebc8    00000014                            : wcslen.c.obj (.text:wcslen)
                  0000ebdc    00000012     I2C.obj (.text:CopyArray)
                  0000ebee    00000012     rts430x_sc_sd_eabi.lib : sprintf.c.obj (.text:_outc$126)
                  0000ec00    00000012                            : copy_decompress_none.c.obj (.text:decompress:none:__TI_decompress_none)
                  0000ec12    00000012                            : memcpy.c.obj (.text:memcpy)
                  0000ec24    00000010                            : asr32.asm.obj (.text:l_asr)
                  0000ec34    00000010                            : lsl32.asm.obj (.text:l_lsl)
                  0000ec44    00000010                            : lsr32.asm.obj (.text:l_lsr)
                  0000ec54    0000000e                            : strlen.c.obj (.text:strlen)
                  0000ec62    0000000c                            : fltid.c.obj (.text:__mspabi_fltid)
                  0000ec6e    0000000c                            : toupper.c.obj (.text:toupper)
                  0000ec7a    0000000a     ggwave.obj (.text:_ZN2RS4PolyC1Ev)
                  0000ec84    0000000a     rts430x_sc_sd_eabi.lib : new.cpp.obj (.text:_ZdlPv)
                  0000ec8e    0000000a                            : abs.c.obj (.text:abs)
                  0000ec98    0000000a                            : lsl16.asm.obj (.text)
                  0000eca2    00000008                            : memory.c.obj (.text:malloc)
                  0000ecaa    00000006                            : fprintf.c.obj (.text:_outc$84)
                  0000ecb0    00000006                            : exit.c.obj (.text:abort)
                  0000ecb6    00000004                            : new.cpp.obj (.text:_ZdaPv)
                  0000ecba    00000004                            : new.cpp.obj (.text:_Znaj)
                  0000ecbe    00000004                            : fprintf.c.obj (.text:_outs$84)
                  0000ecc2    00000004                            : pre_init.c.obj (.text:_system_pre_init)
                  0000ecc6    00000002                            : _lock.c.obj (.text:_nop)
                  0000ecc8    00000002                            : startup.c.obj (.text:_system_post_cinit)

.init_array 
*          0    0000fa60    00000002     
                  0000fa60    00000002     <whole-program> (.init_array)

.const     0    0000ecca    00000d8e     
                  0000ecca    00000550     <whole-program> (.const:.string)
                  0000f21a    00000200     ggwave.obj (.const:.string:_ZN32_INTERNAL_10_ggwave_cpp_4bcb2b8b2RS2gf3expE$38)
                  0000f41a    00000108     rts430x_sc_sd_eabi.lib : k_rem_pio2.c.obj (.const:ipio2$79)
                  0000f522    00000101                            : ctype.c.obj (.const:.string:_ctypes_)
                  0000f623    00000001     --HOLE-- [fill = 0]
                  0000f624    00000100     ggwave.obj (.const:.string:_ZN32_INTERNAL_10_ggwave_cpp_4bcb2b8b2RS2gf3logE$38)
                  0000f724    00000058     ggwave.obj (.const:.string:_ZZN2RS4Poly3SetEPKhhhEs)
                  0000f77c    00000053     ggwave.obj (.const:.string:_ZZN2RS11ReedSolomon11EncodeBlockEPKvPvEs)
                  0000f7cf    00000001     --HOLE-- [fill = 0]
                  0000f7d0    0000004b     ggwave.obj (.const:.string:_ZZNK2RS4Poly3ptrEvEs)
                  0000f81b    00000001     --HOLE-- [fill = 0]
                  0000f81c    00000041     ggwave.obj (.const:.string:_ZZNK2RS4Poly2atEhEs)
                  0000f85d    00000001     --HOLE-- [fill = 0]
                  0000f85e    00000040     ggwave.obj (.const:.string:_ZN32_INTERNAL_10_ggwave_cpp_4bcb2b8b34_GLOBAL__N__10_ggwave_cpp_4bcb2b8b9kDSSMagicE$38)
                  0000f89e    00000040     ggwave.obj (.const:.string:_ZZN8ggvectorIfE4copyERKS0_Es)
                  0000f8de    00000040     rts430x_sc_sd_eabi.lib : k_rem_pio2.c.obj (.const:PIo2$79)
                  0000f91e    00000026                            : _printfi.c.obj (.const:.string)
                  0000f944    0000001c     gpio.obj (.const:GPIO_PORT_TO_BASE$17)
                  0000f960    0000000e     ggwave.obj (.const:$P$T90$23$38)
                  0000f96e    0000000d     ggwave.obj (.const:.string:_ZZN6GGWave9Protocols8kDefaultEvEs_7)
                  0000f97b    00000001     --HOLE-- [fill = 0]
                  0000f97c    0000000d     ggwave.obj (.const:.string:_ZZN6GGWave9Protocols8kDefaultEvEs__10_)
                  0000f989    00000001     --HOLE-- [fill = 0]
                  0000f98a    0000000c     ggwave.obj (.const:.string:_ZZN6GGWave9Protocols8kDefaultEvEs_4)
                  0000f996    0000000c     ggwave.obj (.const:.string:_ZZN6GGWave9Protocols8kDefaultEvEs_5)
                  0000f9a2    0000000c     ggwave.obj (.const:.string:_ZZN6GGWave9Protocols8kDefaultEvEs_8)
                  0000f9ae    0000000b     ggwave.obj (.const:.string:_ZZN6GGWave9Protocols8kDefaultEvEs_2)
                  0000f9b9    00000001     --HOLE-- [fill = 0]
                  0000f9ba    0000000a     ggwave.obj (.const:.string:_ZZN6GGWave9Protocols8kDefaultEvEs_6)
                  0000f9c4    0000000a     ggwave.obj (.const:.string:_ZZN6GGWave9Protocols8kDefaultEvEs_9)
                  0000f9ce    00000009     ggwave.obj (.const:.string:_ZZN6GGWave9Protocols8kDefaultEvEs_3)
                  0000f9d7    00000001     --HOLE-- [fill = 0]
                  0000f9d8    00000008     ggwave.obj (.const:$P$T32$1$38)
                  0000f9e0    00000008     ggwave.obj (.const:$P$T33$2$38)
                  0000f9e8    00000008     ggwave.obj (.const:$P$T34$3$38)
                  0000f9f0    00000008     ggwave.obj (.const:$P$T35$4$38)
                  0000f9f8    00000008     ggwave.obj (.const:$P$T36$5$38)
                  0000fa00    00000008     ggwave.obj (.const:$P$T37$6$38)
                  0000fa08    00000008     ggwave.obj (.const:$P$T38$7$38)
                  0000fa10    00000008     ggwave.obj (.const:$P$T39$8$38)
                  0000fa18    00000008     ggwave.obj (.const:$P$T40$9$38)
                  0000fa20    00000008     ggwave.obj (.const:$P$T41$10$38)
                  0000fa28    00000008     ggwave.obj (.const:$P$T42$11$38)
                  0000fa30    00000008     ggwave.obj (.const:$P$T43$12$38)
                  0000fa38    00000008     ggwave.obj (.const:.string:_ZZN6GGWave9Protocols8kDefaultEvEs_1)
                  0000fa40    00000008     rts430x_sc_sd_eabi.lib : k_rem_pio2.c.obj (.const:init_jk$79)
                  0000fa48    00000007     ggwave.obj (.const:.string:_ZZN6GGWave9Protocols8kDefaultEvEs)
                  0000fa4f    00000001     --HOLE-- [fill = 0]
                  0000fa50    00000005     ggwave.obj (.const:.string:_ZZN6GGWave9Protocols8kDefaultEvEs_0)
                  0000fa55    00000001     --HOLE-- [fill = 0]
                  0000fa56    00000002     Adafruit_Si4713.obj (.const:.string:$P$T1$1$1)

.text:_isr 
*          0    0000fa58    00000008     
                  0000fa58    00000008     rts430x_sc_sd_eabi.lib : isr_trap.asm.obj (.text:_isr:__TI_ISR_TRAP)

.bss       0    00001c00    000005b8     UNINITIALIZED
                  00001c00    0000026e     main.obj (.bss:ggwave)
                  00001e6e    000000b0     ggwave.obj (.bss:_ZZN6GGWave9Protocols8kDefaultEvE9protocols)
                  00001f1e    000000b0     ggwave.obj (.bss:protocols$20$38)
                  00001fce    000000b0     ggwave.obj (.bss:protocols$22$38)
                  0000207e    000000a0     (.common:__TI_tmpnams)
                  0000211e    00000040     (.common:txt)
                  0000215e    00000014     (.common:ReceiveBuffer)
                  00002172    00000014     (.common:TransmitBuffer)
                  00002186    00000012     main.obj (.bss:radio)
                  00002198    00000008     ggwave.obj (.bss:$P$T61$17$38)
                  000021a0    00000008     (.common:parmbuf)
                  000021a8    00000004     ggwave.obj (.bss)
                  000021ac    00000002     rts430x_sc_sd_eabi.lib : memory.c.obj (.bss)
                  000021ae    00000002                            : new.cpp.obj (.bss)
                  000021b0    00000002     (.common:MasterMode)
                  000021b2    00000002     (.common:__dso_handle)
                  000021b4    00000001     (.common:RXByteCtr)
                  000021b5    00000001     (.common:ReceiveIndex)
                  000021b6    00000001     (.common:TXByteCtr)
                  000021b7    00000001     (.common:TransmitIndex)

.data      0    000021b8    0000011b     UNINITIALIZED
                  000021b8    00000078     rts430x_sc_sd_eabi.lib : defs.c.obj (.data:_ftable)
                  00002230    0000004e                            : host_device.c.obj (.data:_device)
                  0000227e    00000028                            : host_device.c.obj (.data:_stream)
                  000022a6    0000001a     ggwave.obj (.data:result$18$38)
                  000022c0    00000002     rts430x_sc_sd_eabi.lib : exit_gvars.c.obj (.data:__TI_cleanup_ptr)
                  000022c2    00000002                            : exit_gvars.c.obj (.data:__TI_dtors_ptr)
                  000022c4    00000002                            : _lock.c.obj (.data:_lock)
                  000022c6    00000002                            : _lock.c.obj (.data:_unlock)
                  000022c8    00000002     ggwave.obj (.data)
                  000022ca    00000002     rts430x_sc_sd_eabi.lib : dtor_list.c.obj (.data)
                  000022cc    00000002                            : errno.c.obj (.data)
                  000022ce    00000002                            : exit.c.obj (.data)
                  000022d0    00000002                            : memory.c.obj (.data)
                  000022d2    00000001     ggwave.obj (.data:_ZZN6GGWave9Protocols8kDefaultEvE11initialized)

.stack     0    00002310    000000f0     UNINITIALIZED
                  00002310    00000002     rts430x_sc_sd_eabi.lib : boot.c.obj (.stack)
                  00002312    000000ee     --HOLE--

AES256     0    0000ffcc    00000002     
                  0000ffcc    00000002     rts430x_sc_sd_eabi.lib : int30.asm.obj (.int30)

RTC        0    0000ffce    00000002     
                  0000ffce    00000002     rts430x_sc_sd_eabi.lib : int31.asm.obj (.int31)

PORT4      0    0000ffd0    00000002     
                  0000ffd0    00000002     rts430x_sc_sd_eabi.lib : int32.asm.obj (.int32)

PORT3      0    0000ffd2    00000002     
                  0000ffd2    00000002     rts430x_sc_sd_eabi.lib : int33.asm.obj (.int33)

TIMER3_A1 
*          0    0000ffd4    00000002     
                  0000ffd4    00000002     rts430x_sc_sd_eabi.lib : int34.asm.obj (.int34)

TIMER3_A0 
*          0    0000ffd6    00000002     
                  0000ffd6    00000002     rts430x_sc_sd_eabi.lib : int35.asm.obj (.int35)

PORT2      0    0000ffd8    00000002     
                  0000ffd8    00000002     rts430x_sc_sd_eabi.lib : int36.asm.obj (.int36)

TIMER2_A1 
*          0    0000ffda    00000002     
                  0000ffda    00000002     rts430x_sc_sd_eabi.lib : int37.asm.obj (.int37)

TIMER2_A0 
*          0    0000ffdc    00000002     
                  0000ffdc    00000002     rts430x_sc_sd_eabi.lib : int38.asm.obj (.int38)

PORT1      0    0000ffde    00000002     
                  0000ffde    00000002     rts430x_sc_sd_eabi.lib : int39.asm.obj (.int39)

TIMER1_A1 
*          0    0000ffe0    00000002     
                  0000ffe0    00000002     rts430x_sc_sd_eabi.lib : int40.asm.obj (.int40)

TIMER1_A0 
*          0    0000ffe2    00000002     
                  0000ffe2    00000002     rts430x_sc_sd_eabi.lib : int41.asm.obj (.int41)

DMA        0    0000ffe4    00000002     
                  0000ffe4    00000002     rts430x_sc_sd_eabi.lib : int42.asm.obj (.int42)

USCI_A1    0    0000ffe6    00000002     
                  0000ffe6    00000002     rts430x_sc_sd_eabi.lib : int43.asm.obj (.int43)

TIMER0_A1 
*          0    0000ffe8    00000002     
                  0000ffe8    00000002     rts430x_sc_sd_eabi.lib : int44.asm.obj (.int44)

TIMER0_A0 
*          0    0000ffea    00000002     
                  0000ffea    00000002     rts430x_sc_sd_eabi.lib : int45.asm.obj (.int45)

ADC12      0    0000ffec    00000002     
                  0000ffec    00000002     rts430x_sc_sd_eabi.lib : int46.asm.obj (.int46)

USCI_B0    0    0000ffee    00000002     
                  0000ffee    00000002     <whole-program> (.int47)

USCI_A0    0    0000fff0    00000002     
                  0000fff0    00000002     rts430x_sc_sd_eabi.lib : int48.asm.obj (.int48)

WDT        0    0000fff2    00000002     
                  0000fff2    00000002     rts430x_sc_sd_eabi.lib : int49.asm.obj (.int49)

TIMER0_B1 
*          0    0000fff4    00000002     
                  0000fff4    00000002     rts430x_sc_sd_eabi.lib : int50.asm.obj (.int50)

TIMER0_B0 
*          0    0000fff6    00000002     
                  0000fff6    00000002     rts430x_sc_sd_eabi.lib : int51.asm.obj (.int51)

COMP_E     0    0000fff8    00000002     
                  0000fff8    00000002     rts430x_sc_sd_eabi.lib : int52.asm.obj (.int52)

UNMI       0    0000fffa    00000002     
                  0000fffa    00000002     rts430x_sc_sd_eabi.lib : int53.asm.obj (.int53)

SYSNMI     0    0000fffc    00000002     
                  0000fffc    00000002     rts430x_sc_sd_eabi.lib : int54.asm.obj (.int54)

.reset     0    0000fffe    00000002     
                  0000fffe    00000002     rts430x_sc_sd_eabi.lib : boot.c.obj (.reset)

$fill000   0    0000ff80    00000004     
                  0000ff80    00000004     --HOLE-- [fill = ffff]

$fill001   0    0000ff84    00000004     
                  0000ff84    00000004     --HOLE-- [fill = ffff]

$fill002   0    0000ff88    00000008     
                  0000ff88    00000008     --HOLE-- [fill = ffff]

MODULE SUMMARY

       Module                                   code    ro data   rw data
       ------                                   ----    -------   -------
    .\
       main.obj                                 1502    0         640    
    +--+----------------------------------------+-------+---------+---------+
       Total:                                   1502    0         640    
                                                                         
    .\SI4713\
       I2C.obj                                  356     0         0      
       Adafruit_Si4713.obj                      352     2         0      
    +--+----------------------------------------+-------+---------+---------+
       Total:                                   708     2         0      
                                                                         
    .\driverlib\MSP430FR5xx_6xx\
       gpio.obj                                 0       28        0      
    +--+----------------------------------------+-------+---------+---------+
       Total:                                   0       28        0      
                                                                         
    .\ggwave\
       ggwave.obj                               10712   1439      569    
    +--+----------------------------------------+-------+---------+---------+
       Total:                                   10712   1439      569    
                                                                         
    C:\Users\LIMZY~1\AppData\Local\Temp\
       {5EAF677E-BE38-433B-9490-BD9FCF7EC423}   0       1364      280    
    +--+----------------------------------------+-------+---------+---------+
       Total:                                   0       1364      280    
                                                                         
    C:\ti\ccs2011\ccs\ccs_base\msp430\lib\FR59xx\MSPMPU_INIT_LIB_CCS_msp430_small_code_small_data.lib
       mpu_init.o                               44      0         0      
    +--+----------------------------------------+-------+---------+---------+
       Total:                                   44      0         0      
                                                                         
    C:\ti\ccs2011\ccs\tools\compiler\ti-cgt-msp430_21.6.1.LTS\lib\rts430x_sc_sd_eabi.lib
       _printfi.c.obj                           6442    38        0      
       k_rem_pio2.c.obj                         2782    336       0      
       s_sin.c.obj                              2300    0         0      
       s_cos.c.obj                              2296    0         0      
       addd.c.obj                               1834    0         0      
       frcdivd.c.obj                            1128    0         0      
       div64u.c.obj                             846     0         0      
       e_sqrt.c.obj                             730     0         0      
       k_sin.c.obj                              680     0         0      
       mpyd.c.obj                               658     0         0      
       memory.c.obj                             626     0         4      
       k_cos.c.obj                              612     0         0      
       divd.c.obj                               538     0         0      
       s_floor.c.obj                            448     0         0      
       trgmsg.c.obj                             90      0         288    
       frcmpyd.c.obj                            356     0         0      
       s_scalbn.c.obj                           344     0         0      
       div64s.c.obj                             316     0         0      
       fs_add.asm.obj                           306     0         0      
       ctype.c.obj                              0       257       0      
       fputs.c.obj                              228     0         0      
       cmpd.c.obj                               216     0         0      
       setvbuf.c.obj                            204     0         0      
       fs_mpy.asm.obj                           196     0         0      
       fclose.c.obj                             184     0         0      
       cvtdf.c.obj                              178     0         0      
       _io_perm.c.obj                           176     0         0      
       s_frexp.c.obj                            166     0         0      
       getdevice.c.obj                          164     0         0      
       fltlid.c.obj                             158     0         0      
       fs_div.asm.obj                           156     0         0      
       fputc.c.obj                              140     0         0      
       hostlseek.c.obj                          130     0         0      
       hostrename.c.obj                         126     0         0      
       _ltoa.c.obj                              124     0         0      
       defs.c.obj                               0       0         120    
       host_device.c.obj                        0       0         118    
       dtor_list.c.obj                          110     0         2      
       copy_decompress_lzss.c.obj               110     0         0      
       autoinit.c.obj                           108     0         0      
       hostopen.c.obj                           106     0         0      
       fs_toi.asm.obj                           104     0         0      
       fixdli.c.obj                             102     0         0      
       cvtfd.c.obj                              100     0         0      
       fflush.c.obj                             98      0         0      
       sprintf.c.obj                            98      0         0      
       hostwrite.c.obj                          96      0         0      
       hostread.c.obj                           94      0         0      
       div32u.asm.obj                           88      0         0      
       mult64_f5hw.asm.obj                      88      0         0      
       atoi.c.obj                               82      0         0      
       rem64s.c.obj                             80      0         0      
       asr32.asm.obj                            78      0         0      
       lsl32.asm.obj                            78      0         0      
       lsr32.asm.obj                            78      0         0      
       exit.c.obj                               74      0         2      
       fs_cmp.asm.obj                           74      0         0      
       hostunlink.c.obj                         72      0         0      
       fs_tou.asm.obj                           70      0         0      
       hostclose.c.obj                          70      0         0      
       fprintf.c.obj                            68      0         0      
       vec_newdel.c.obj                         68      0         0      
       asr64.c.obj                              64      0         0      
       div32s.asm.obj                           64      0         0      
       lsl64.c.obj                              58      0         0      
       lsr64.c.obj                              58      0         0      
       new.cpp.obj                              54      0         2      
       fs_itof.asm.obj                          54      0         0      
       s_copysign.c.obj                         46      0         0      
       subd.c.obj                               46      0         0      
       div16s.asm.obj                           44      0         0      
       negd.c.obj                               42      0         0      
       fixdi.c.obj                              40      0         0      
       fopen.c.obj                              40      0         0      
       mult3264_f5hw.asm.obj                    40      0         0      
       fs_utof.asm.obj                          36      0         0      
       assert.c.obj                             34      0         0      
       boot.c.obj                               32      2         0      
       memccpy.c.obj                            34      0         0      
       write.c.obj                              34      0         0      
       mult32_f5hw.asm.obj                      32      0         0      
       strchr.c.obj                             26      0         0      
       mult1632_f5hw.asm.obj                    24      0         0      
       div16u.asm.obj                           22      0         0      
       llabs.c.obj                              22      0         0      
       copy_zero_init.c.obj                     20      0         0      
       memchr.c.obj                             20      0         0      
       memset.c.obj                             20      0         0      
       mult16_f5hw.asm.obj                      20      0         0      
       wcslen.c.obj                             20      0         0      
       copy_decompress_none.c.obj               18      0         0      
       memcpy.c.obj                             18      0         0      
       strlen.c.obj                             14      0         0      
       fltid.c.obj                              12      0         0      
       toupper.c.obj                            12      0         0      
       abs.c.obj                                10      0         0      
       lsl16.asm.obj                            10      0         0      
       isr_trap.asm.obj                         8       0         0      
       _lock.c.obj                              2       0         4      
       exit_gvars.c.obj                         0       0         4      
       pre_init.c.obj                           4       0         0      
       errno.c.obj                              0       0         2      
       int30.asm.obj                            0       2         0      
       int31.asm.obj                            0       2         0      
       int32.asm.obj                            0       2         0      
       int33.asm.obj                            0       2         0      
       int34.asm.obj                            0       2         0      
       int35.asm.obj                            0       2         0      
       int36.asm.obj                            0       2         0      
       int37.asm.obj                            0       2         0      
       int38.asm.obj                            0       2         0      
       int39.asm.obj                            0       2         0      
       int40.asm.obj                            0       2         0      
       int41.asm.obj                            0       2         0      
       int42.asm.obj                            0       2         0      
       int43.asm.obj                            0       2         0      
       int44.asm.obj                            0       2         0      
       int45.asm.obj                            0       2         0      
       int46.asm.obj                            0       2         0      
       int48.asm.obj                            0       2         0      
       int49.asm.obj                            0       2         0      
       int50.asm.obj                            0       2         0      
       int51.asm.obj                            0       2         0      
       int52.asm.obj                            0       2         0      
       int53.asm.obj                            0       2         0      
       int54.asm.obj                            0       2         0      
       startup.c.obj                            2       0         0      
    +--+----------------------------------------+-------+---------+---------+
       Total:                                   29228   681       546    
                                                                         
       Heap:                                    0       0         352    
       Stack:                                   0       0         240    
       Linker Generated:                        0       109       0      
    +--+----------------------------------------+-------+---------+---------+
       Grand Total:                             42194   3623      2627   


LINKER GENERATED COPY TABLES

__TI_cinit_table @ 0000fac8 records: 2, size/record: 4, table size: 8
	.data: load addr=0000fa62, load size=0000005b bytes, run addr=000021b8, run size=0000011b bytes, compression=lzss
	.bss: load addr=0000fac4, load size=00000004 bytes, run addr=00001c00, run size=000005b8 bytes, compression=zero_init


LINKER GENERATED HANDLER TABLE

__TI_handler_table @ 0000fabe records: 3, size/record: 2, table size: 6
	index: 0, handler: __TI_zero_init
	index: 1, handler: __TI_decompress_lzss
	index: 2, handler: __TI_decompress_none


GLOBAL SYMBOLS: SORTED ALPHABETICALLY BY Name 

address   name                                                                               
-------   ----                                                                               
00000800  ADC12CTL0                                                                          
00000801  ADC12CTL0_H                                                                        
00000800  ADC12CTL0_L                                                                        
00000802  ADC12CTL1                                                                          
00000803  ADC12CTL1_H                                                                        
00000802  ADC12CTL1_L                                                                        
00000804  ADC12CTL2                                                                          
00000805  ADC12CTL2_H                                                                        
00000804  ADC12CTL2_L                                                                        
00000806  ADC12CTL3                                                                          
00000807  ADC12CTL3_H                                                                        
00000806  ADC12CTL3_L                                                                        
0000080a  ADC12HI                                                                            
0000080b  ADC12HI_H                                                                          
0000080a  ADC12HI_L                                                                          
00000812  ADC12IER0                                                                          
00000813  ADC12IER0_H                                                                        
00000812  ADC12IER0_L                                                                        
00000814  ADC12IER1                                                                          
00000815  ADC12IER1_H                                                                        
00000814  ADC12IER1_L                                                                        
00000816  ADC12IER2                                                                          
00000817  ADC12IER2_H                                                                        
00000816  ADC12IER2_L                                                                        
0000080c  ADC12IFGR0                                                                         
0000080d  ADC12IFGR0_H                                                                       
0000080c  ADC12IFGR0_L                                                                       
0000080e  ADC12IFGR1                                                                         
0000080f  ADC12IFGR1_H                                                                       
0000080e  ADC12IFGR1_L                                                                       
00000810  ADC12IFGR2                                                                         
00000811  ADC12IFGR2_H                                                                       
00000810  ADC12IFGR2_L                                                                       
00000818  ADC12IV                                                                            
00000819  ADC12IV_H                                                                          
00000818  ADC12IV_L                                                                          
00000808  ADC12LO                                                                            
00000809  ADC12LO_H                                                                          
00000808  ADC12LO_L                                                                          
00000820  ADC12MCTL0                                                                         
00000821  ADC12MCTL0_H                                                                       
00000820  ADC12MCTL0_L                                                                       
00000822  ADC12MCTL1                                                                         
00000834  ADC12MCTL10                                                                        
00000835  ADC12MCTL10_H                                                                      
00000834  ADC12MCTL10_L                                                                      
00000836  ADC12MCTL11                                                                        
00000837  ADC12MCTL11_H                                                                      
00000836  ADC12MCTL11_L                                                                      
00000838  ADC12MCTL12                                                                        
00000839  ADC12MCTL12_H                                                                      
00000838  ADC12MCTL12_L                                                                      
0000083a  ADC12MCTL13                                                                        
0000083b  ADC12MCTL13_H                                                                      
0000083a  ADC12MCTL13_L                                                                      
0000083c  ADC12MCTL14                                                                        
0000083d  ADC12MCTL14_H                                                                      
0000083c  ADC12MCTL14_L                                                                      
0000083e  ADC12MCTL15                                                                        
0000083f  ADC12MCTL15_H                                                                      
0000083e  ADC12MCTL15_L                                                                      
00000840  ADC12MCTL16                                                                        
00000841  ADC12MCTL16_H                                                                      
00000840  ADC12MCTL16_L                                                                      
00000842  ADC12MCTL17                                                                        
00000843  ADC12MCTL17_H                                                                      
00000842  ADC12MCTL17_L                                                                      
00000844  ADC12MCTL18                                                                        
00000845  ADC12MCTL18_H                                                                      
00000844  ADC12MCTL18_L                                                                      
00000846  ADC12MCTL19                                                                        
00000847  ADC12MCTL19_H                                                                      
00000846  ADC12MCTL19_L                                                                      
00000823  ADC12MCTL1_H                                                                       
00000822  ADC12MCTL1_L                                                                       
00000824  ADC12MCTL2                                                                         
00000848  ADC12MCTL20                                                                        
00000849  ADC12MCTL20_H                                                                      
00000848  ADC12MCTL20_L                                                                      
0000084a  ADC12MCTL21                                                                        
0000084b  ADC12MCTL21_H                                                                      
0000084a  ADC12MCTL21_L                                                                      
0000084c  ADC12MCTL22                                                                        
0000084d  ADC12MCTL22_H                                                                      
0000084c  ADC12MCTL22_L                                                                      
0000084e  ADC12MCTL23                                                                        
0000084f  ADC12MCTL23_H                                                                      
0000084e  ADC12MCTL23_L                                                                      
00000850  ADC12MCTL24                                                                        
00000851  ADC12MCTL24_H                                                                      
00000850  ADC12MCTL24_L                                                                      
00000852  ADC12MCTL25                                                                        
00000853  ADC12MCTL25_H                                                                      
00000852  ADC12MCTL25_L                                                                      
00000854  ADC12MCTL26                                                                        
00000855  ADC12MCTL26_H                                                                      
00000854  ADC12MCTL26_L                                                                      
00000856  ADC12MCTL27                                                                        
00000857  ADC12MCTL27_H                                                                      
00000856  ADC12MCTL27_L                                                                      
00000858  ADC12MCTL28                                                                        
00000859  ADC12MCTL28_H                                                                      
00000858  ADC12MCTL28_L                                                                      
0000085a  ADC12MCTL29                                                                        
0000085b  ADC12MCTL29_H                                                                      
0000085a  ADC12MCTL29_L                                                                      
00000825  ADC12MCTL2_H                                                                       
00000824  ADC12MCTL2_L                                                                       
00000826  ADC12MCTL3                                                                         
0000085c  ADC12MCTL30                                                                        
0000085d  ADC12MCTL30_H                                                                      
0000085c  ADC12MCTL30_L                                                                      
0000085e  ADC12MCTL31                                                                        
0000085f  ADC12MCTL31_H                                                                      
0000085e  ADC12MCTL31_L                                                                      
00000827  ADC12MCTL3_H                                                                       
00000826  ADC12MCTL3_L                                                                       
00000828  ADC12MCTL4                                                                         
00000829  ADC12MCTL4_H                                                                       
00000828  ADC12MCTL4_L                                                                       
0000082a  ADC12MCTL5                                                                         
0000082b  ADC12MCTL5_H                                                                       
0000082a  ADC12MCTL5_L                                                                       
0000082c  ADC12MCTL6                                                                         
0000082d  ADC12MCTL6_H                                                                       
0000082c  ADC12MCTL6_L                                                                       
0000082e  ADC12MCTL7                                                                         
0000082f  ADC12MCTL7_H                                                                       
0000082e  ADC12MCTL7_L                                                                       
00000830  ADC12MCTL8                                                                         
00000831  ADC12MCTL8_H                                                                       
00000830  ADC12MCTL8_L                                                                       
00000832  ADC12MCTL9                                                                         
00000833  ADC12MCTL9_H                                                                       
00000832  ADC12MCTL9_L                                                                       
00000860  ADC12MEM0                                                                          
00000861  ADC12MEM0_H                                                                        
00000860  ADC12MEM0_L                                                                        
00000862  ADC12MEM1                                                                          
00000874  ADC12MEM10                                                                         
00000875  ADC12MEM10_H                                                                       
00000874  ADC12MEM10_L                                                                       
00000876  ADC12MEM11                                                                         
00000877  ADC12MEM11_H                                                                       
00000876  ADC12MEM11_L                                                                       
00000878  ADC12MEM12                                                                         
00000879  ADC12MEM12_H                                                                       
00000878  ADC12MEM12_L                                                                       
0000087a  ADC12MEM13                                                                         
0000087b  ADC12MEM13_H                                                                       
0000087a  ADC12MEM13_L                                                                       
0000087c  ADC12MEM14                                                                         
0000087d  ADC12MEM14_H                                                                       
0000087c  ADC12MEM14_L                                                                       
0000087e  ADC12MEM15                                                                         
0000087f  ADC12MEM15_H                                                                       
0000087e  ADC12MEM15_L                                                                       
00000880  ADC12MEM16                                                                         
00000881  ADC12MEM16_H                                                                       
00000880  ADC12MEM16_L                                                                       
00000882  ADC12MEM17                                                                         
00000883  ADC12MEM17_H                                                                       
00000882  ADC12MEM17_L                                                                       
00000884  ADC12MEM18                                                                         
00000885  ADC12MEM18_H                                                                       
00000884  ADC12MEM18_L                                                                       
00000886  ADC12MEM19                                                                         
00000887  ADC12MEM19_H                                                                       
00000886  ADC12MEM19_L                                                                       
00000863  ADC12MEM1_H                                                                        
00000862  ADC12MEM1_L                                                                        
00000864  ADC12MEM2                                                                          
00000888  ADC12MEM20                                                                         
00000889  ADC12MEM20_H                                                                       
00000888  ADC12MEM20_L                                                                       
0000088a  ADC12MEM21                                                                         
0000088b  ADC12MEM21_H                                                                       
0000088a  ADC12MEM21_L                                                                       
0000088c  ADC12MEM22                                                                         
0000088d  ADC12MEM22_H                                                                       
0000088c  ADC12MEM22_L                                                                       
0000088e  ADC12MEM23                                                                         
0000088f  ADC12MEM23_H                                                                       
0000088e  ADC12MEM23_L                                                                       
00000890  ADC12MEM24                                                                         
00000891  ADC12MEM24_H                                                                       
00000890  ADC12MEM24_L                                                                       
00000892  ADC12MEM25                                                                         
00000893  ADC12MEM25_H                                                                       
00000892  ADC12MEM25_L                                                                       
00000894  ADC12MEM26                                                                         
00000895  ADC12MEM26_H                                                                       
00000894  ADC12MEM26_L                                                                       
00000896  ADC12MEM27                                                                         
00000897  ADC12MEM27_H                                                                       
00000896  ADC12MEM27_L                                                                       
00000898  ADC12MEM28                                                                         
00000899  ADC12MEM28_H                                                                       
00000898  ADC12MEM28_L                                                                       
0000089a  ADC12MEM29                                                                         
0000089b  ADC12MEM29_H                                                                       
0000089a  ADC12MEM29_L                                                                       
00000865  ADC12MEM2_H                                                                        
00000864  ADC12MEM2_L                                                                        
00000866  ADC12MEM3                                                                          
0000089c  ADC12MEM30                                                                         
0000089d  ADC12MEM30_H                                                                       
0000089c  ADC12MEM30_L                                                                       
0000089e  ADC12MEM31                                                                         
0000089f  ADC12MEM31_H                                                                       
0000089e  ADC12MEM31_L                                                                       
00000867  ADC12MEM3_H                                                                        
00000866  ADC12MEM3_L                                                                        
00000868  ADC12MEM4                                                                          
00000869  ADC12MEM4_H                                                                        
00000868  ADC12MEM4_L                                                                        
0000086a  ADC12MEM5                                                                          
0000086b  ADC12MEM5_H                                                                        
0000086a  ADC12MEM5_L                                                                        
0000086c  ADC12MEM6                                                                          
0000086d  ADC12MEM6_H                                                                        
0000086c  ADC12MEM6_L                                                                        
0000086e  ADC12MEM7                                                                          
0000086f  ADC12MEM7_H                                                                        
0000086e  ADC12MEM7_L                                                                        
00000870  ADC12MEM8                                                                          
00000871  ADC12MEM8_H                                                                        
00000870  ADC12MEM8_L                                                                        
00000872  ADC12MEM9                                                                          
00000873  ADC12MEM9_H                                                                        
00000872  ADC12MEM9_L                                                                        
000009c0  AESACTL0                                                                           
000009c1  AESACTL0_H                                                                         
000009c0  AESACTL0_L                                                                         
000009c2  AESACTL1                                                                           
000009c3  AESACTL1_H                                                                         
000009c2  AESACTL1_L                                                                         
000009c8  AESADIN                                                                            
000009c9  AESADIN_H                                                                          
000009c8  AESADIN_L                                                                          
000009ca  AESADOUT                                                                           
000009cb  AESADOUT_H                                                                         
000009ca  AESADOUT_L                                                                         
000009c6  AESAKEY                                                                            
000009c7  AESAKEY_H                                                                          
000009c6  AESAKEY_L                                                                          
000009c4  AESASTAT                                                                           
000009c5  AESASTAT_H                                                                         
000009c4  AESASTAT_L                                                                         
000009cc  AESAXDIN                                                                           
000009cd  AESAXDIN_H                                                                         
000009cc  AESAXDIN_L                                                                         
000009ce  AESAXIN                                                                            
000009cf  AESAXIN_H                                                                          
000009ce  AESAXIN_L                                                                          
000004be  BCD2BIN                                                                            
000004bc  BIN2BCD                                                                            
0000ecb0  C$$EXIT                                                                            
0000e66c  C$$IO$$                                                                            
0000043e  CAPTIO0CTL                                                                         
0000043f  CAPTIO0CTL_H                                                                       
0000043e  CAPTIO0CTL_L                                                                       
0000047e  CAPTIO1CTL                                                                         
0000047f  CAPTIO1CTL_H                                                                       
0000047e  CAPTIO1CTL_L                                                                       
000008c0  CECTL0                                                                             
000008c1  CECTL0_H                                                                           
000008c0  CECTL0_L                                                                           
000008c2  CECTL1                                                                             
000008c3  CECTL1_H                                                                           
000008c2  CECTL1_L                                                                           
000008c4  CECTL2                                                                             
000008c5  CECTL2_H                                                                           
000008c4  CECTL2_L                                                                           
000008c6  CECTL3                                                                             
000008c7  CECTL3_H                                                                           
000008c6  CECTL3_L                                                                           
000008cc  CEINT                                                                              
000008cd  CEINT_H                                                                            
000008cc  CEINT_L                                                                            
000008ce  CEIV                                                                               
000008cf  CEIV_H                                                                             
000008ce  CEIV_L                                                                             
00000150  CRCDI                                                                              
00000152  CRCDIRB                                                                            
00000153  CRCDIRB_H                                                                          
00000152  CRCDIRB_L                                                                          
00000151  CRCDI_H                                                                            
00000150  CRCDI_L                                                                            
00000154  CRCINIRES                                                                          
00000155  CRCINIRES_H                                                                        
00000154  CRCINIRES_L                                                                        
00000156  CRCRESR                                                                            
00000157  CRCRESR_H                                                                          
00000156  CRCRESR_L                                                                          
00000160  CSCTL0                                                                             
00000161  CSCTL0_H                                                                           
00000160  CSCTL0_L                                                                           
00000162  CSCTL1                                                                             
00000163  CSCTL1_H                                                                           
00000162  CSCTL1_L                                                                           
00000164  CSCTL2                                                                             
00000165  CSCTL2_H                                                                           
00000164  CSCTL2_L                                                                           
00000166  CSCTL3                                                                             
00000167  CSCTL3_H                                                                           
00000166  CSCTL3_L                                                                           
00000168  CSCTL4                                                                             
00000169  CSCTL4_H                                                                           
00000168  CSCTL4_L                                                                           
0000016a  CSCTL5                                                                             
0000016b  CSCTL5_H                                                                           
0000016a  CSCTL5_L                                                                           
0000016c  CSCTL6                                                                             
0000016d  CSCTL6_H                                                                           
0000016c  CSCTL6_L                                                                           
0000ebdc  CopyArray                                                                          
[...]
0000d458  _Z11init_ggwavev                                                                   
0000d4f0  fputc                                                                              
0000d690  HOSTlseek                                                                          
0000d712  _ZN2RS4Poly4CopyEPKS0_                                                             
0000d792  HOSTrename                                                                         
0000d810  __TI_ltoa                                                                          
0000d900  main                                                                               
0000d974  _ZN34_GLOBAL__N__10_ggwave_cpp_4bcb2b8b13linear_interpEddd                         
0000d9e2  __TI_decompress_lzss                                                               
0000da50  __TI_auto_init_nobinit_hold_wdt                                                    
0000dabc  HOSTopen                                                                           
0000db26  __mspabi_fixfi                                                                     
0000db8e  __mspabi_fixdli                                                                    
0000dbf4  __mspabi_cvtfd                                                                     
0000dcbc  __TI_doflush                                                                       
0000dd1e  HOSTwrite                                                                          
0000dd7e  HOSTread                                                                           
0000dddc  _ZN6GGWave9Resampler5resetEv                                                       
0000de38  __mspabi_mpyll_f5hw                                                                
0000de90  __mspabi_divul                                                                     
0000de90  __mspabi_remul                                                                     
0000dee8  atoi                                                                               
0000df3a  __mspabi_remlli                                                                    
0000df8a  __cxa_atexit                                                                       
0000dfd4  __mspabi_cmpf                                                                      
0000e01e  HOSTunlink                                                                         
0000e066  I2C_Master_Read                                                                    
0000e0f6  HOSTclose                                                                          
0000e13c  __mspabi_fixfu                                                                     
0000e182  I2C_Master_Write                                                                   
0000e1c6  _ZN34_GLOBAL__N__10_ggwave_cpp_4bcb2b8b20bytesForSampleFormatE19ggwave_SampleFormat
0000e24e  exit                                                                               
0000e292  _ZN6GGWave9ResamplerC1Ev                                                           
0000e2d4  __mspabi_srall                                                                     
0000e314  __mspabi_divli                                                                     
0000e314  __mspabi_remli                                                                     
0000e354  _ZNK2RS4Poly2atEh                                                                  
0000e392  _ZNK6GGWave14maxFramesPerTxERKNS_9ProtocolsEb                                      
0000e3d0  __mspabi_sral_15                                                                   
0000e3d4  __mspabi_sral_14                                                                   
0000e3d8  __mspabi_sral_13                                                                   
0000e3dc  __mspabi_sral_12                                                                   
0000e3e0  __mspabi_sral_11                                                                   
0000e3e4  __mspabi_sral_10                                                                   
0000e3e8  __mspabi_sral_9                                                                    
0000e3ec  __mspabi_sral_8                                                                    
0000e3f0  __mspabi_sral_7                                                                    
0000e3f4  __mspabi_sral_6                                                                    
0000e3f8  __mspabi_sral_5                                                                    
0000e3fc  __mspabi_sral_4                                                                    
0000e400  __mspabi_sral_3                                                                    
0000e404  __mspabi_sral_2                                                                    
0000e408  __mspabi_sral_1                                                                    
0000e40e  __mspabi_slll_15                                                                   
0000e412  __mspabi_slll_14                                                                   
0000e416  __mspabi_slll_13                                                                   
0000e41a  __mspabi_slll_12                                                                   
0000e41e  __mspabi_slll_11                                                                   
0000e422  __mspabi_slll_10                                                                   
0000e426  __mspabi_slll_9                                                                    
0000e42a  __mspabi_slll_8                                                                    
0000e42e  __mspabi_slll_7                                                                    
0000e432  __mspabi_slll_6                                                                    
0000e436  __mspabi_slll_5                                                                    
0000e43a  __mspabi_slll_4                                                                    
0000e43e  __mspabi_slll_3                                                                    
0000e442  __mspabi_slll_2                                                                    
0000e446  __mspabi_slll_1                                                                    
0000e44c  __mspabi_srll_15                                                                   
0000e450  __mspabi_srll_14                                                                   
0000e454  __mspabi_srll_13                                                                   
0000e458  __mspabi_srll_12                                                                   
0000e45c  __mspabi_srll_11                                                                   
0000e460  __mspabi_srll_10                                                                   
0000e464  __mspabi_srll_9                                                                    
0000e468  __mspabi_srll_8                                                                    
0000e46c  __mspabi_srll_7                                                                    
0000e470  __mspabi_srll_6                                                                    
0000e474  __mspabi_srll_5                                                                    
0000e478  __mspabi_srll_4                                                                    
0000e47c  __mspabi_srll_3                                                                    
0000e480  __mspabi_srll_2                                                                    
0000e484  __mspabi_srll_1                                                                    
0000e48a  _Z7ggallocIfEvR8ggmatrixIT_EiiPvRi                                                 
0000e4c4  __mspabi_sllll                                                                     
0000e4fe  __mspabi_srlll                                                                     
0000e538  fprintf                                                                            
0000e572  sprintf                                                                            
0000e5aa  __mspabi_fltif                                                                     
0000e5e0  _ZN6GGWave9Resampler7newDataEf                                                     
0000e614  _ZN8ggvectorIfE4copyERKS0_                                                         
0000e642  __TI_writemsg                                                                      
0000e66c  C$$IO$$                                                                            
0000e670  __mspabi_subd                                                                      
0000e69e  copysign                                                                           
0000e69e  copysignl                                                                          
0000e6cc  _Z7ggallocIfEvR8ggvectorIT_EiPvRi                                                  
0000e6f8  _Z7ggallocIiEvR8ggvectorIT_EiPvRi                                                  
0000e724  _ZN15Adafruit_Si471311sendCommandEh                                                
0000e750  __TI_readmsg                                                                       
0000e77c  __mpu_init                                                                         
0000e7a8  __mspabi_divi                                                                      
0000e7a8  __mspabi_remi                                                                      
0000e7d4  _Z7ggallocIhEvR8ggvectorIT_EiPvRi                                                  
0000e7fe  _ZN15Adafruit_Si471311setPropertyEjj                                               
0000e828  __mspabi_negd                                                                      
0000e852  __TI_cleanup                                                                       
0000e87a  __mspabi_mpyull_f5hw                                                               
0000e8a2  __mspabi_fixdi                                                                     
0000e8f2  _Znwj                                                                              
0000e916  __cxa_ia64_exit                                                                    
0000e93a  __mspabi_fltuf                                                                     
0000e95e  _Z9ser_printPKc                                                                    
0000e980  _abort_msg                                                                         
0000e9a2  memccpy                                                                            
0000e9c4  write                                                                              
0000e9e6  _ZN2RS11ReedSolomon6EncodeEPKvPv                                                   
0000ea06  _ZNK6GGWave13maxBytesPerTxERKNS_9ProtocolsE                                        
0000ea26  _ZNK6GGWave13minBytesPerTxERKNS_9ProtocolsE                                        
0000ea46  _c_int00_noargs_mpu                                                                
0000ea66  __mspabi_mpyl_f5hw                                                                 
0000ea86  _ZN6GGWave4initEPKc17ggwave_ProtocolIdi                                            
0000eabe  __sti___8_main_cpp_ggwave                                                          
0000ead8  strchr                                                                             
0000eaf2  __mspabi_mpysl_f5hw                                                                
0000eb22  _ZN6GGWaveD1Ev                                                                     
0000eb38  llabs                                                                              
0000eb4e  __mspabi_divu                                                                      
0000eb4e  __mspabi_remu                                                                      
0000eb64  __TI_zero_init                                                                     
0000eb8c  memchr                                                                             
0000eba0  memset                                                                             
0000ebb4  __mspabi_mpyi_f5hw                                                                 
0000ebc8  wcslen                                                                             
0000ebdc  CopyArray                                                                          
0000ec00  __TI_decompress_none                                                               
0000ec12  memcpy                                                                             
0000ec24  __mspabi_sral                                                                      
0000ec34  __mspabi_slll                                                                      
0000ec44  __mspabi_srll                                                                      
0000ec54  strlen                                                                             
0000ec62  __mspabi_fltid                                                                     
0000ec6e  toupper                                                                            
0000ec7a  _ZN2RS4PolyC1Ev                                                                    
0000ec84  _ZdlPv                                                                             
0000ec8e  abs                                                                                
0000ec98  __mspabi_slli                                                                      
0000eca2  malloc                                                                             
0000ecb0  C$$EXIT                                                                            
0000ecb0  _ZSt17__throw_bad_allocv                                                           
0000ecb0  abort                                                                              
0000ecb6  _ZdaPv                                                                             
0000ecba  _Znaj                                                                              
0000ecc2  _system_pre_init                                                                   
0000ecc6  _nop                                                                               
0000ecc8  _system_post_cinit                                                                 
0000f522  _ctypes_                                                                           
0000f724  _ZZN2RS4Poly3SetEPKhhhEs                                                           
0000f77c  _ZZN2RS11ReedSolomon11EncodeBlockEPKvPvEs                                          
0000f7d0  _ZZNK2RS4Poly3ptrEvEs                                                              
0000f81c  _ZZNK2RS4Poly2atEhEs                                                               
0000f89e  _ZZN8ggvectorIfE4copyERKS0_Es                                                      
0000f96e  _ZZN6GGWave9Protocols8kDefaultEvEs_7                                               
0000f97c  _ZZN6GGWave9Protocols8kDefaultEvEs__10_                                            
0000f98a  _ZZN6GGWave9Protocols8kDefaultEvEs_4                                               
0000f996  _ZZN6GGWave9Protocols8kDefaultEvEs_5                                               
0000f9a2  _ZZN6GGWave9Protocols8kDefaultEvEs_8                                               
0000f9ae  _ZZN6GGWave9Protocols8kDefaultEvEs_2                                               
0000f9ba  _ZZN6GGWave9Protocols8kDefaultEvEs_6                                               
0000f9c4  _ZZN6GGWave9Protocols8kDefaultEvEs_9                                               
0000f9ce  _ZZN6GGWave9Protocols8kDefaultEvEs_3                                               
0000fa38  _ZZN6GGWave9Protocols8kDefaultEvEs_1                                               
0000fa48  _ZZN6GGWave9Protocols8kDefaultEvEs                                                 
0000fa50  _ZZN6GGWave9Protocols8kDefaultEvEs_0                                               
0000fa58  __TI_ISR_TRAP                                                                      
0000fa60  __TI_INITARRAY_Base                                                                
0000fa62  __TI_INITARRAY_Limit                                                               
0000fabe  __TI_Handler_Table_Base                                                            
0000fac4  __TI_Handler_Table_Limit                                                           
0000fac8  __TI_CINIT_Base                                                                    
0000fad0  __TI_CINIT_Limit                                                                   
0000fad0  __TI_CINIT_Warm                                                                    
0000ffcc  __TI_int30                                                                         
0000ffce  __TI_int31                                                                         
0000ffd0  __TI_int32                                                                         
0000ffd2  __TI_int33                                                                         
0000ffd4  __TI_int34                                                                         
0000ffd6  __TI_int35                                                                         
0000ffd8  __TI_int36                                                                         
0000ffda  __TI_int37                                                                         
0000ffdc  __TI_int38                                                                         
0000ffde  __TI_int39                                                                         
0000ffe0  __TI_int40                                                                         
0000ffe2  __TI_int41                                                                         
0000ffe4  __TI_int42                                                                         
0000ffe6  __TI_int43                                                                         
0000ffe8  __TI_int44                                                                         
0000ffea  __TI_int45                                                                         
0000ffec  __TI_int46                                                                         
0000ffee  __TI_int47                                                                         
0000fff0  __TI_int48                                                                         
0000fff2  __TI_int49                                                                         
0000fff4  __TI_int50                                                                         
0000fff6  __TI_int51                                                                         
0000fff8  __TI_int52                                                                         
0000fffa  __TI_int53                                                                         
0000fffc  __TI_int54                                                                         
0000fffe  _reset_vector                                                                      
ffffffff  __TI_pprof_out_hndl                                                                
ffffffff  __TI_prof_data_size                                                                
ffffffff  __TI_prof_data_start                                                               
ffffffff  __c_args__                                                                         

[1091 symbols]
