<?xml version="1.0" encoding="ISO-8859-1" ?>
<link_info>
   <banner>MSP430 Linker PC v21.6.1.LTS</banner>
   <copyright>Copyright (c) 2003-2018 Texas Instruments Incorporated</copyright>
   <link_time>0x688b177a</link_time>
   <link_errors>0x0</link_errors>
   <output_file>AudioCast.out</output_file>
   <entry_point>
      <name>_c_int00_noargs_mpu</name>
      <address>0xea46</address>
   </entry_point>
   <input_file_list>
      <input_file id="fl-2">
         <path>.\</path>
         <kind>object</kind>
         <file>main.obj</file>
         <name>main.obj</name>
      </input_file>
      <input_file id="fl-3">
         <path>.\SI4713\</path>
         <kind>object</kind>
         <file>Adafruit_Si4713.obj</file>
         <name>Adafruit_Si4713.obj</name>
      </input_file>
      <input_file id="fl-4">
         <path>.\SI4713\</path>
         <kind>object</kind>
         <file>I2C.obj</file>
         <name>I2C.obj</name>
      </input_file>
      <input_file id="fl-5">
         <path>.\driverlib\MSP430FR5xx_6xx\</path>
         <kind>object</kind>
         <file>adc12_b.obj</file>
         <name>adc12_b.obj</name>
      </input_file>
      <input_file id="fl-6">
         <path>.\driverlib\MSP430FR5xx_6xx\</path>
         <kind>object</kind>
         <file>aes256.obj</file>
         <name>aes256.obj</name>
      </input_file>
      <input_file id="fl-7">
         <path>.\driverlib\MSP430FR5xx_6xx\</path>
         <kind>object</kind>
         <file>comp_e.obj</file>
         <name>comp_e.obj</name>
      </input_file>
      <input_file id="fl-8">
         <path>.\driverlib\MSP430FR5xx_6xx\</path>
         <kind>object</kind>
         <file>crc.obj</file>
         <name>crc.obj</name>
      </input_file>
      <input_file id="fl-9">
         <path>.\driverlib\MSP430FR5xx_6xx\</path>
         <kind>object</kind>
         <file>crc32.obj</file>
         <name>crc32.obj</name>
      </input_file>
      <input_file id="fl-a">
         <path>.\driverlib\MSP430FR5xx_6xx\</path>
         <kind>object</kind>
         <file>cs.obj</file>
         <name>cs.obj</name>
      </input_file>
      <input_file id="fl-b">
         <path>.\driverlib\MSP430FR5xx_6xx\</path>
         <kind>object</kind>
         <file>dma.obj</file>
         <name>dma.obj</name>
      </input_file>
      <input_file id="fl-c">
         <path>.\driverlib\MSP430FR5xx_6xx\</path>
         <kind>object</kind>
         <file>esi.obj</file>
         <name>esi.obj</name>
      </input_file>
      <input_file id="fl-d">
         <path>.\driverlib\MSP430FR5xx_6xx\</path>
         <kind>object</kind>
         <file>eusci_a_spi.obj</file>
         <name>eusci_a_spi.obj</name>
      </input_file>
      <input_file id="fl-e">
         <path>.\driverlib\MSP430FR5xx_6xx\</path>
         <kind>object</kind>
         <file>eusci_a_uart.obj</file>
         <name>eusci_a_uart.obj</name>
      </input_file>
      <input_file id="fl-f">
         <path>.\driverlib\MSP430FR5xx_6xx\</path>
         <kind>object</kind>
         <file>eusci_b_i2c.obj</file>
         <name>eusci_b_i2c.obj</name>
      </input_file>
      <input_file id="fl-10">
         <path>.\driverlib\MSP430FR5xx_6xx\</path>
         <kind>object</kind>
         <file>eusci_b_spi.obj</file>
         <name>eusci_b_spi.obj</name>
      </input_file>
      <input_file id="fl-11">
         <path>.\driverlib\MSP430FR5xx_6xx\</path>
         <kind>object</kind>
         <file>framctl.obj</file>
         <name>framctl.obj</name>
      </input_file>
      <input_file id="fl-12">
         <path>.\driverlib\MSP430FR5xx_6xx\</path>
         <kind>object</kind>
         <file>framctl_a.obj</file>
         <name>framctl_a.obj</name>
      </input_file>
      <input_file id="fl-13">
         <path>.\driverlib\MSP430FR5xx_6xx\</path>
         <kind>object</kind>
         <file>gpio.obj</file>
         <name>gpio.obj</name>
      </input_file>
      <input_file id="fl-14">
         <path>.\driverlib\MSP430FR5xx_6xx\</path>
         <kind>object</kind>
         <file>hspll.obj</file>
         <name>hspll.obj</name>
      </input_file>
      <input_file id="fl-15">
         <path>.\driverlib\MSP430FR5xx_6xx\</path>
         <kind>object</kind>
         <file>lcd_c.obj</file>
         <name>lcd_c.obj</name>
      </input_file>
      <input_file id="fl-16">
         <path>.\driverlib\MSP430FR5xx_6xx\</path>
         <kind>object</kind>
         <file>mpu.obj</file>
         <name>mpu.obj</name>
      </input_file>
      <input_file id="fl-17">
         <path>.\driverlib\MSP430FR5xx_6xx\</path>
         <kind>object</kind>
         <file>mpy32.obj</file>
         <name>mpy32.obj</name>
      </input_file>
      <input_file id="fl-18">
         <path>.\driverlib\MSP430FR5xx_6xx\</path>
         <kind>object</kind>
         <file>mtif.obj</file>
         <name>mtif.obj</name>
      </input_file>
      <input_file id="fl-19">
         <path>.\driverlib\MSP430FR5xx_6xx\</path>
         <kind>object</kind>
         <file>pmm.obj</file>
         <name>pmm.obj</name>
      </input_file>
      <input_file id="fl-1a">
         <path>.\driverlib\MSP430FR5xx_6xx\</path>
         <kind>object</kind>
         <file>ram.obj</file>
         <name>ram.obj</name>
      </input_file>
      <input_file id="fl-1b">
         <path>.\driverlib\MSP430FR5xx_6xx\</path>
         <kind>object</kind>
         <file>ref_a.obj</file>
         <name>ref_a.obj</name>
      </input_file>
      <input_file id="fl-1c">
         <path>.\driverlib\MSP430FR5xx_6xx\</path>
         <kind>object</kind>
         <file>rtc_b.obj</file>
         <name>rtc_b.obj</name>
      </input_file>
      <input_file id="fl-1d">
         <path>.\driverlib\MSP430FR5xx_6xx\</path>
         <kind>object</kind>
         <file>rtc_c.obj</file>
         <name>rtc_c.obj</name>
      </input_file>
      <input_file id="fl-1e">
         <path>.\driverlib\MSP430FR5xx_6xx\</path>
         <kind>object</kind>
         <file>saph.obj</file>
         <name>saph.obj</name>
      </input_file>
      <input_file id="fl-1f">
         <path>.\driverlib\MSP430FR5xx_6xx\</path>
         <kind>object</kind>
         <file>saph_a.obj</file>
         <name>saph_a.obj</name>
      </input_file>
      <input_file id="fl-20">
         <path>.\driverlib\MSP430FR5xx_6xx\</path>
         <kind>object</kind>
         <file>sdhs.obj</file>
         <name>sdhs.obj</name>
      </input_file>
      <input_file id="fl-21">
         <path>.\driverlib\MSP430FR5xx_6xx\</path>
         <kind>object</kind>
         <file>sfr.obj</file>
         <name>sfr.obj</name>
      </input_file>
      <input_file id="fl-22">
         <path>.\driverlib\MSP430FR5xx_6xx\</path>
         <kind>object</kind>
         <file>sysctl.obj</file>
         <name>sysctl.obj</name>
      </input_file>
      <input_file id="fl-23">
         <path>.\driverlib\MSP430FR5xx_6xx\</path>
         <kind>object</kind>
         <file>timer_a.obj</file>
         <name>timer_a.obj</name>
      </input_file>
      <input_file id="fl-24">
         <path>.\driverlib\MSP430FR5xx_6xx\</path>
         <kind>object</kind>
         <file>timer_b.obj</file>
         <name>timer_b.obj</name>
      </input_file>
      <input_file id="fl-25">
         <path>.\driverlib\MSP430FR5xx_6xx\</path>
         <kind>object</kind>
         <file>tlv.obj</file>
         <name>tlv.obj</name>
      </input_file>
      <input_file id="fl-26">
         <path>.\driverlib\MSP430FR5xx_6xx\</path>
         <kind>object</kind>
         <file>uups.obj</file>
         <name>uups.obj</name>
      </input_file>
      <input_file id="fl-27">
         <path>.\driverlib\MSP430FR5xx_6xx\</path>
         <kind>object</kind>
         <file>wdt_a.obj</file>
         <name>wdt_a.obj</name>
      </input_file>
      <input_file id="fl-28">
         <path>.\ggwave\</path>
         <kind>object</kind>
         <file>ggwave.obj</file>
         <name>ggwave.obj</name>
      </input_file>
      <input_file id="fl-29">
         <path>.\ggwave\</path>
         <kind>object</kind>
         <file>pstr.obj</file>
         <name>pstr.obj</name>
      </input_file>
      <input_file id="fl-51">
         <path>C:\ti\ccs2011\ccs\tools\compiler\ti-cgt-msp430_21.6.1.LTS\lib\</path>
         <kind>archive</kind>
         <file>rts430x_sc_sd_eabi.lib</file>
         <name>copy_decompress_lzss.c.obj</name>
      </input_file>
      <input_file id="fl-52">
         <path>C:\ti\ccs2011\ccs\tools\compiler\ti-cgt-msp430_21.6.1.LTS\lib\</path>
         <kind>archive</kind>
         <file>rts430x_sc_sd_eabi.lib</file>
         <name>copy_decompress_none.c.obj</name>
      </input_file>
      <input_file id="fl-6c">
         <path>C:\ti\ccs2011\ccs\tools\compiler\ti-cgt-msp430_21.6.1.LTS\lib\</path>
         <kind>archive</kind>
         <file>rts430x_sc_sd_eabi.lib</file>
         <name>copy_zero_init.c.obj</name>
      </input_file>
      <input_file id="fl-6d">
         <path>C:\ti\ccs2011\ccs\tools\compiler\ti-cgt-msp430_21.6.1.LTS\lib\</path>
         <kind>archive</kind>
         <file>rts430x_sc_sd_eabi.lib</file>
         <name>dtor_list.c.obj</name>
      </input_file>
      <input_file id="fl-6e">
         <path>C:\ti\ccs2011\ccs\tools\compiler\ti-cgt-msp430_21.6.1.LTS\lib\</path>
         <kind>archive</kind>
         <file>rts430x_sc_sd_eabi.lib</file>
         <name>exit_gvars.c.obj</name>
      </input_file>
      <input_file id="fl-6f">
         <path>C:\ti\ccs2011\ccs\tools\compiler\ti-cgt-msp430_21.6.1.LTS\lib\</path>
         <kind>archive</kind>
         <file>rts430x_sc_sd_eabi.lib</file>
         <name>guard.c.obj</name>
      </input_file>
      <input_file id="fl-70">
         <path>C:\ti\ccs2011\ccs\tools\compiler\ti-cgt-msp430_21.6.1.LTS\lib\</path>
         <kind>archive</kind>
         <file>rts430x_sc_sd_eabi.lib</file>
         <name>vec_newdel.c.obj</name>
      </input_file>
      <input_file id="fl-71">
         <path>C:\ti\ccs2011\ccs\tools\compiler\ti-cgt-msp430_21.6.1.LTS\lib\</path>
         <kind>archive</kind>
         <file>rts430x_sc_sd_eabi.lib</file>
         <name>memzero.c.obj</name>
      </input_file>
      <input_file id="fl-72">
         <path>C:\ti\ccs2011\ccs\tools\compiler\ti-cgt-msp430_21.6.1.LTS\lib\</path>
         <kind>archive</kind>
         <file>rts430x_sc_sd_eabi.lib</file>
         <name>addd.c.obj</name>
      </input_file>
      <input_file id="fl-74">
         <path>C:\ti\ccs2011\ccs\tools\compiler\ti-cgt-msp430_21.6.1.LTS\lib\</path>
         <kind>archive</kind>
         <file>rts430x_sc_sd_eabi.lib</file>
         <name>cmpd.c.obj</name>
      </input_file>
      <input_file id="fl-76">
         <path>C:\ti\ccs2011\ccs\tools\compiler\ti-cgt-msp430_21.6.1.LTS\lib\</path>
         <kind>archive</kind>
         <file>rts430x_sc_sd_eabi.lib</file>
         <name>cvtdf.c.obj</name>
      </input_file>
      <input_file id="fl-77">
         <path>C:\ti\ccs2011\ccs\tools\compiler\ti-cgt-msp430_21.6.1.LTS\lib\</path>
         <kind>archive</kind>
         <file>rts430x_sc_sd_eabi.lib</file>
         <name>cvtfd.c.obj</name>
      </input_file>
      <input_file id="fl-78">
         <path>C:\ti\ccs2011\ccs\tools\compiler\ti-cgt-msp430_21.6.1.LTS\lib\</path>
         <kind>archive</kind>
         <file>rts430x_sc_sd_eabi.lib</file>
         <name>divd.c.obj</name>
      </input_file>
      <input_file id="fl-79">
         <path>C:\ti\ccs2011\ccs\tools\compiler\ti-cgt-msp430_21.6.1.LTS\lib\</path>
         <kind>archive</kind>
         <file>rts430x_sc_sd_eabi.lib</file>
         <name>frcdivd.c.obj</name>
      </input_file>
      <input_file id="fl-7f">
         <path>C:\ti\ccs2011\ccs\tools\compiler\ti-cgt-msp430_21.6.1.LTS\lib\</path>
         <kind>archive</kind>
         <file>rts430x_sc_sd_eabi.lib</file>
         <name>div64u.c.obj</name>
      </input_file>
      <input_file id="fl-80">
         <path>C:\ti\ccs2011\ccs\tools\compiler\ti-cgt-msp430_21.6.1.LTS\lib\</path>
         <kind>archive</kind>
         <file>rts430x_sc_sd_eabi.lib</file>
         <name>fixdi.c.obj</name>
      </input_file>
      <input_file id="fl-81">
         <path>C:\ti\ccs2011\ccs\tools\compiler\ti-cgt-msp430_21.6.1.LTS\lib\</path>
         <kind>archive</kind>
         <file>rts430x_sc_sd_eabi.lib</file>
         <name>fixdli.c.obj</name>
      </input_file>
      <input_file id="fl-84">
         <path>C:\ti\ccs2011\ccs\tools\compiler\ti-cgt-msp430_21.6.1.LTS\lib\</path>
         <kind>archive</kind>
         <file>rts430x_sc_sd_eabi.lib</file>
         <name>fltid.c.obj</name>
      </input_file>
      <input_file id="fl-86">
         <path>C:\ti\ccs2011\ccs\tools\compiler\ti-cgt-msp430_21.6.1.LTS\lib\</path>
         <kind>archive</kind>
         <file>rts430x_sc_sd_eabi.lib</file>
         <name>fltlid.c.obj</name>
      </input_file>
      <input_file id="fl-89">
         <path>C:\ti\ccs2011\ccs\tools\compiler\ti-cgt-msp430_21.6.1.LTS\lib\</path>
         <kind>archive</kind>
         <file>rts430x_sc_sd_eabi.lib</file>
         <name>mpyd.c.obj</name>
      </input_file>
      <input_file id="fl-8a">
         <path>C:\ti\ccs2011\ccs\tools\compiler\ti-cgt-msp430_21.6.1.LTS\lib\</path>
         <kind>archive</kind>
         <file>rts430x_sc_sd_eabi.lib</file>
         <name>frcmpyd.c.obj</name>
      </input_file>
      <input_file id="fl-97">
         <path>C:\ti\ccs2011\ccs\tools\compiler\ti-cgt-msp430_21.6.1.LTS\lib\</path>
         <kind>archive</kind>
         <file>rts430x_sc_sd_eabi.lib</file>
         <name>rem64s.c.obj</name>
      </input_file>
      <input_file id="fl-98">
         <path>C:\ti\ccs2011\ccs\tools\compiler\ti-cgt-msp430_21.6.1.LTS\lib\</path>
         <kind>archive</kind>
         <file>rts430x_sc_sd_eabi.lib</file>
         <name>div64s.c.obj</name>
      </input_file>
      <input_file id="fl-99">
         <path>C:\ti\ccs2011\ccs\tools\compiler\ti-cgt-msp430_21.6.1.LTS\lib\</path>
         <kind>archive</kind>
         <file>rts430x_sc_sd_eabi.lib</file>
         <name>rem64u.c.obj</name>
      </input_file>
      <input_file id="fl-9c">
         <path>C:\ti\ccs2011\ccs\tools\compiler\ti-cgt-msp430_21.6.1.LTS\lib\</path>
         <kind>archive</kind>
         <file>rts430x_sc_sd_eabi.lib</file>
         <name>lsl64.c.obj</name>
      </input_file>
      <input_file id="fl-9e">
         <path>C:\ti\ccs2011\ccs\tools\compiler\ti-cgt-msp430_21.6.1.LTS\lib\</path>
         <kind>archive</kind>
         <file>rts430x_sc_sd_eabi.lib</file>
         <name>asr64.c.obj</name>
      </input_file>
      <input_file id="fl-a0">
         <path>C:\ti\ccs2011\ccs\tools\compiler\ti-cgt-msp430_21.6.1.LTS\lib\</path>
         <kind>archive</kind>
         <file>rts430x_sc_sd_eabi.lib</file>
         <name>lsr64.c.obj</name>
      </input_file>
      <input_file id="fl-a1">
         <path>C:\ti\ccs2011\ccs\tools\compiler\ti-cgt-msp430_21.6.1.LTS\lib\</path>
         <kind>archive</kind>
         <file>rts430x_sc_sd_eabi.lib</file>
         <name>subd.c.obj</name>
      </input_file>
      <input_file id="fl-a2">
         <path>C:\ti\ccs2011\ccs\tools\compiler\ti-cgt-msp430_21.6.1.LTS\lib\</path>
         <kind>archive</kind>
         <file>rts430x_sc_sd_eabi.lib</file>
         <name>assert.c.obj</name>
      </input_file>
      <input_file id="fl-a4">
         <path>C:\ti\ccs2011\ccs\ccs_base\msp430\lib\FR59xx\</path>
         <kind>archive</kind>
         <file>MSPMPU_INIT_LIB_CCS_msp430_small_code_small_data.lib</file>
         <name>mpu_init.o</name>
      </input_file>
      <input_file id="fl-a7">
         <path>C:\ti\ccs2011\ccs\tools\compiler\ti-cgt-msp430_21.6.1.LTS\lib\</path>
         <kind>archive</kind>
         <file>rts430x_sc_sd_eabi.lib</file>
         <name>defs.c.obj</name>
      </input_file>
      <input_file id="fl-a8">
         <path>C:\ti\ccs2011\ccs\tools\compiler\ti-cgt-msp430_21.6.1.LTS\lib\</path>
         <kind>archive</kind>
         <file>rts430x_sc_sd_eabi.lib</file>
         <name>_lock.c.obj</name>
      </input_file>
      <input_file id="fl-aa">
         <path>C:\ti\ccs2011\ccs\tools\compiler\ti-cgt-msp430_21.6.1.LTS\lib\</path>
         <kind>archive</kind>
         <file>rts430x_sc_sd_eabi.lib</file>
         <name>pre_init.c.obj</name>
      </input_file>
      <input_file id="fl-ac">
         <path>C:\ti\ccs2011\ccs\tools\compiler\ti-cgt-msp430_21.6.1.LTS\lib\</path>
         <kind>archive</kind>
         <file>rts430x_sc_sd_eabi.lib</file>
         <name>s_atan.c.obj</name>
      </input_file>
      <input_file id="fl-ad">
         <path>C:\ti\ccs2011\ccs\tools\compiler\ti-cgt-msp430_21.6.1.LTS\lib\</path>
         <kind>archive</kind>
         <file>rts430x_sc_sd_eabi.lib</file>
         <name>negd.c.obj</name>
      </input_file>
      <input_file id="fl-ae">
         <path>C:\ti\ccs2011\ccs\tools\compiler\ti-cgt-msp430_21.6.1.LTS\lib\</path>
         <kind>archive</kind>
         <file>rts430x_sc_sd_eabi.lib</file>
         <name>memory.c.obj</name>
      </input_file>
      <input_file id="fl-af">
         <path>C:\ti\ccs2011\ccs\tools\compiler\ti-cgt-msp430_21.6.1.LTS\lib\</path>
         <kind>archive</kind>
         <file>rts430x_sc_sd_eabi.lib</file>
         <name>cpy_tbl.c.obj</name>
      </input_file>
      <input_file id="fl-b0">
         <path>C:\ti\ccs2011\ccs\tools\compiler\ti-cgt-msp430_21.6.1.LTS\lib\</path>
         <kind>archive</kind>
         <file>rts430x_sc_sd_eabi.lib</file>
         <name>s_cos.c.obj</name>
      </input_file>
      <input_file id="fl-b1">
         <path>C:\ti\ccs2011\ccs\tools\compiler\ti-cgt-msp430_21.6.1.LTS\lib\</path>
         <kind>archive</kind>
         <file>rts430x_sc_sd_eabi.lib</file>
         <name>k_cos.c.obj</name>
      </input_file>
      <input_file id="fl-b2">
         <path>C:\ti\ccs2011\ccs\tools\compiler\ti-cgt-msp430_21.6.1.LTS\lib\</path>
         <kind>archive</kind>
         <file>rts430x_sc_sd_eabi.lib</file>
         <name>k_rem_pio2.c.obj</name>
      </input_file>
      <input_file id="fl-b3">
         <path>C:\ti\ccs2011\ccs\tools\compiler\ti-cgt-msp430_21.6.1.LTS\lib\</path>
         <kind>archive</kind>
         <file>rts430x_sc_sd_eabi.lib</file>
         <name>k_sin.c.obj</name>
      </input_file>
      <input_file id="fl-b4">
         <path>C:\ti\ccs2011\ccs\ccs_base\msp430\lib\5xx_6xx_FRxx\</path>
         <kind>archive</kind>
         <file>MSPMATHLIB_CCS_msp430_5xx_6xx_FRxx_small_code_small_data.lib</file>
         <name>msp430_cos_sin.o</name>
      </input_file>
      <input_file id="fl-b5">
         <path>C:\ti\ccs2011\ccs\tools\compiler\ti-cgt-msp430_21.6.1.LTS\lib\</path>
         <kind>archive</kind>
         <file>rts430x_sc_sd_eabi.lib</file>
         <name>fflush.c.obj</name>
      </input_file>
      <input_file id="fl-b6">
         <path>C:\ti\ccs2011\ccs\tools\compiler\ti-cgt-msp430_21.6.1.LTS\lib\</path>
         <kind>archive</kind>
         <file>rts430x_sc_sd_eabi.lib</file>
         <name>s_floor.c.obj</name>
      </input_file>
      <input_file id="fl-b7">
         <path>C:\ti\ccs2011\ccs\tools\compiler\ti-cgt-msp430_21.6.1.LTS\lib\</path>
         <kind>archive</kind>
         <file>rts430x_sc_sd_eabi.lib</file>
         <name>fprintf.c.obj</name>
      </input_file>
      <input_file id="fl-b9">
         <path>C:\ti\ccs2011\ccs\tools\compiler\ti-cgt-msp430_21.6.1.LTS\lib\</path>
         <kind>archive</kind>
         <file>rts430x_sc_sd_eabi.lib</file>
         <name>_ltoa.c.obj</name>
      </input_file>
      <input_file id="fl-ba">
         <path>C:\ti\ccs2011\ccs\tools\compiler\ti-cgt-msp430_21.6.1.LTS\lib\</path>
         <kind>archive</kind>
         <file>rts430x_sc_sd_eabi.lib</file>
         <name>abs.c.obj</name>
      </input_file>
      <input_file id="fl-bb">
         <path>C:\ti\ccs2011\ccs\tools\compiler\ti-cgt-msp430_21.6.1.LTS\lib\</path>
         <kind>archive</kind>
         <file>rts430x_sc_sd_eabi.lib</file>
         <name>atoi.c.obj</name>
      </input_file>
      <input_file id="fl-bc">
         <path>C:\ti\ccs2011\ccs\tools\compiler\ti-cgt-msp430_21.6.1.LTS\lib\</path>
         <kind>archive</kind>
         <file>rts430x_sc_sd_eabi.lib</file>
         <name>ctype.c.obj</name>
      </input_file>
      <input_file id="fl-bd">
         <path>C:\ti\ccs2011\ccs\tools\compiler\ti-cgt-msp430_21.6.1.LTS\lib\</path>
         <kind>archive</kind>
         <file>rts430x_sc_sd_eabi.lib</file>
         <name>errno.c.obj</name>
      </input_file>
      <input_file id="fl-be">
         <path>C:\ti\ccs2011\ccs\tools\compiler\ti-cgt-msp430_21.6.1.LTS\lib\</path>
         <kind>archive</kind>
         <file>rts430x_sc_sd_eabi.lib</file>
         <name>fputc.c.obj</name>
      </input_file>
      <input_file id="fl-bf">
         <path>C:\ti\ccs2011\ccs\tools\compiler\ti-cgt-msp430_21.6.1.LTS\lib\</path>
         <kind>archive</kind>
         <file>rts430x_sc_sd_eabi.lib</file>
         <name>_io_perm.c.obj</name>
      </input_file>
      <input_file id="fl-c0">
         <path>C:\ti\ccs2011\ccs\tools\compiler\ti-cgt-msp430_21.6.1.LTS\lib\</path>
         <kind>archive</kind>
         <file>rts430x_sc_sd_eabi.lib</file>
         <name>fputs.c.obj</name>
      </input_file>
      <input_file id="fl-c1">
         <path>C:\ti\ccs2011\ccs\tools\compiler\ti-cgt-msp430_21.6.1.LTS\lib\</path>
         <kind>archive</kind>
         <file>rts430x_sc_sd_eabi.lib</file>
         <name>s_frexp.c.obj</name>
      </input_file>
      <input_file id="fl-c2">
         <path>C:\ti\ccs2011\ccs\tools\compiler\ti-cgt-msp430_21.6.1.LTS\lib\</path>
         <kind>archive</kind>
         <file>rts430x_sc_sd_eabi.lib</file>
         <name>fseek.c.obj</name>
      </input_file>
      <input_file id="fl-c3">
         <path>C:\ti\ccs2011\ccs\tools\compiler\ti-cgt-msp430_21.6.1.LTS\lib\</path>
         <kind>archive</kind>
         <file>rts430x_sc_sd_eabi.lib</file>
         <name>isspace.c.obj</name>
      </input_file>
      <input_file id="fl-c4">
         <path>C:\ti\ccs2011\ccs\tools\compiler\ti-cgt-msp430_21.6.1.LTS\lib\</path>
         <kind>archive</kind>
         <file>rts430x_sc_sd_eabi.lib</file>
         <name>s_scalbn.c.obj</name>
      </input_file>
      <input_file id="fl-c5">
         <path>C:\ti\ccs2011\ccs\tools\compiler\ti-cgt-msp430_21.6.1.LTS\lib\</path>
         <kind>archive</kind>
         <file>rts430x_sc_sd_eabi.lib</file>
         <name>s_copysign.c.obj</name>
      </input_file>
      <input_file id="fl-c6">
         <path>C:\ti\ccs2011\ccs\tools\compiler\ti-cgt-msp430_21.6.1.LTS\lib\</path>
         <kind>archive</kind>
         <file>rts430x_sc_sd_eabi.lib</file>
         <name>llabs.c.obj</name>
      </input_file>
      <input_file id="fl-c7">
         <path>C:\ti\ccs2011\ccs\tools\compiler\ti-cgt-msp430_21.6.1.LTS\lib\</path>
         <kind>archive</kind>
         <file>rts430x_sc_sd_eabi.lib</file>
         <name>lseek.c.obj</name>
      </input_file>
      <input_file id="fl-c8">
         <path>C:\ti\ccs2011\ccs\tools\compiler\ti-cgt-msp430_21.6.1.LTS\lib\</path>
         <kind>archive</kind>
         <file>rts430x_sc_sd_eabi.lib</file>
         <name>host_device.c.obj</name>
      </input_file>
      <input_file id="fl-c9">
         <path>C:\ti\ccs2011\ccs\tools\compiler\ti-cgt-msp430_21.6.1.LTS\lib\</path>
         <kind>archive</kind>
         <file>rts430x_sc_sd_eabi.lib</file>
         <name>hostclose.c.obj</name>
      </input_file>
      <input_file id="fl-ca">
         <path>C:\ti\ccs2011\ccs\tools\compiler\ti-cgt-msp430_21.6.1.LTS\lib\</path>
         <kind>archive</kind>
         <file>rts430x_sc_sd_eabi.lib</file>
         <name>hostlseek.c.obj</name>
      </input_file>
      <input_file id="fl-cb">
         <path>C:\ti\ccs2011\ccs\tools\compiler\ti-cgt-msp430_21.6.1.LTS\lib\</path>
         <kind>archive</kind>
         <file>rts430x_sc_sd_eabi.lib</file>
         <name>hostopen.c.obj</name>
      </input_file>
      <input_file id="fl-cc">
         <path>C:\ti\ccs2011\ccs\tools\compiler\ti-cgt-msp430_21.6.1.LTS\lib\</path>
         <kind>archive</kind>
         <file>rts430x_sc_sd_eabi.lib</file>
         <name>hostread.c.obj</name>
      </input_file>
      <input_file id="fl-cd">
         <path>C:\ti\ccs2011\ccs\tools\compiler\ti-cgt-msp430_21.6.1.LTS\lib\</path>
         <kind>archive</kind>
         <file>rts430x_sc_sd_eabi.lib</file>
         <name>hostrename.c.obj</name>
      </input_file>
      <input_file id="fl-ce">
         <path>C:\ti\ccs2011\ccs\tools\compiler\ti-cgt-msp430_21.6.1.LTS\lib\</path>
         <kind>archive</kind>
         <file>rts430x_sc_sd_eabi.lib</file>
         <name>hostunlink.c.obj</name>
      </input_file>
      <input_file id="fl-cf">
         <path>C:\ti\ccs2011\ccs\tools\compiler\ti-cgt-msp430_21.6.1.LTS\lib\</path>
         <kind>archive</kind>
         <file>rts430x_sc_sd_eabi.lib</file>
         <name>hostwrite.c.obj</name>
      </input_file>
      <input_file id="fl-d1">
         <path>C:\ti\ccs2011\ccs\tools\compiler\ti-cgt-msp430_21.6.1.LTS\lib\</path>
         <kind>archive</kind>
         <file>rts430x_sc_sd_eabi.lib</file>
         <name>memccpy.c.obj</name>
      </input_file>
      <input_file id="fl-d2">
         <path>C:\ti\ccs2011\ccs\tools\compiler\ti-cgt-msp430_21.6.1.LTS\lib\</path>
         <kind>archive</kind>
         <file>rts430x_sc_sd_eabi.lib</file>
         <name>memchr.c.obj</name>
      </input_file>
      <input_file id="fl-d3">
         <path>C:\ti\ccs2011\ccs\tools\compiler\ti-cgt-msp430_21.6.1.LTS\lib\</path>
         <kind>archive</kind>
         <file>rts430x_sc_sd_eabi.lib</file>
         <name>memcmp.c.obj</name>
      </input_file>
      <input_file id="fl-d4">
         <path>C:\ti\ccs2011\ccs\tools\compiler\ti-cgt-msp430_21.6.1.LTS\lib\</path>
         <kind>archive</kind>
         <file>rts430x_sc_sd_eabi.lib</file>
         <name>memcpy.c.obj</name>
      </input_file>
      <input_file id="fl-d5">
         <path>C:\ti\ccs2011\ccs\tools\compiler\ti-cgt-msp430_21.6.1.LTS\lib\</path>
         <kind>archive</kind>
         <file>rts430x_sc_sd_eabi.lib</file>
         <name>memmov.c.obj</name>
      </input_file>
      <input_file id="fl-d6">
         <path>C:\ti\ccs2011\ccs\tools\compiler\ti-cgt-msp430_21.6.1.LTS\lib\</path>
         <kind>archive</kind>
         <file>rts430x_sc_sd_eabi.lib</file>
         <name>memset.c.obj</name>
      </input_file>
      <input_file id="fl-d7">
         <path>C:\ti\ccs2011\ccs\ccs_base\msp430\lib\5xx_6xx_FRxx\</path>
         <kind>archive</kind>
         <file>MSPMATHLIB_CCS_msp430_5xx_6xx_FRxx_small_code_small_data.lib</file>
         <name>msp430_tables.o</name>
      </input_file>
      <input_file id="fl-d8">
         <path>C:\ti\ccs2011\ccs\tools\compiler\ti-cgt-msp430_21.6.1.LTS\lib\</path>
         <kind>archive</kind>
         <file>rts430x_sc_sd_eabi.lib</file>
         <name>s_round.c.obj</name>
      </input_file>
      <input_file id="fl-d9">
         <path>C:\ti\ccs2011\ccs\tools\compiler\ti-cgt-msp430_21.6.1.LTS\lib\</path>
         <kind>archive</kind>
         <file>rts430x_sc_sd_eabi.lib</file>
         <name>s_roundf.c.obj</name>
      </input_file>
      <input_file id="fl-da">
         <path>C:\ti\ccs2011\ccs\tools\compiler\ti-cgt-msp430_21.6.1.LTS\lib\</path>
         <kind>archive</kind>
         <file>rts430x_sc_sd_eabi.lib</file>
         <name>s_floorf.c.obj</name>
      </input_file>
      <input_file id="fl-db">
         <path>C:\ti\ccs2011\ccs\tools\compiler\ti-cgt-msp430_21.6.1.LTS\lib\</path>
         <kind>archive</kind>
         <file>rts430x_sc_sd_eabi.lib</file>
         <name>setvbuf.c.obj</name>
      </input_file>
      <input_file id="fl-dc">
         <path>C:\ti\ccs2011\ccs\tools\compiler\ti-cgt-msp430_21.6.1.LTS\lib\</path>
         <kind>archive</kind>
         <file>rts430x_sc_sd_eabi.lib</file>
         <name>fopen.c.obj</name>
      </input_file>
      <input_file id="fl-dd">
         <path>C:\ti\ccs2011\ccs\tools\compiler\ti-cgt-msp430_21.6.1.LTS\lib\</path>
         <kind>archive</kind>
         <file>rts430x_sc_sd_eabi.lib</file>
         <name>fclose.c.obj</name>
      </input_file>
      <input_file id="fl-de">
         <path>C:\ti\ccs2011\ccs\tools\compiler\ti-cgt-msp430_21.6.1.LTS\lib\</path>
         <kind>archive</kind>
         <file>rts430x_sc_sd_eabi.lib</file>
         <name>close.c.obj</name>
      </input_file>
      <input_file id="fl-df">
         <path>C:\ti\ccs2011\ccs\tools\compiler\ti-cgt-msp430_21.6.1.LTS\lib\</path>
         <kind>archive</kind>
         <file>rts430x_sc_sd_eabi.lib</file>
         <name>open.c.obj</name>
      </input_file>
      <input_file id="fl-e0">
         <path>C:\ti\ccs2011\ccs\tools\compiler\ti-cgt-msp430_21.6.1.LTS\lib\</path>
         <kind>archive</kind>
         <file>rts430x_sc_sd_eabi.lib</file>
         <name>getdevice.c.obj</name>
      </input_file>
      <input_file id="fl-e1">
         <path>C:\ti\ccs2011\ccs\tools\compiler\ti-cgt-msp430_21.6.1.LTS\lib\</path>
         <kind>archive</kind>
         <file>rts430x_sc_sd_eabi.lib</file>
         <name>remove.c.obj</name>
      </input_file>
      <input_file id="fl-e2">
         <path>C:\ti\ccs2011\ccs\tools\compiler\ti-cgt-msp430_21.6.1.LTS\lib\</path>
         <kind>archive</kind>
         <file>rts430x_sc_sd_eabi.lib</file>
         <name>s_sin.c.obj</name>
      </input_file>
      <input_file id="fl-e3">
         <path>C:\ti\ccs2011\ccs\tools\compiler\ti-cgt-msp430_21.6.1.LTS\lib\</path>
         <kind>archive</kind>
         <file>rts430x_sc_sd_eabi.lib</file>
         <name>sprintf.c.obj</name>
      </input_file>
      <input_file id="fl-e4">
         <path>C:\ti\ccs2011\ccs\tools\compiler\ti-cgt-msp430_21.6.1.LTS\lib\</path>
         <kind>archive</kind>
         <file>rts430x_sc_sd_eabi.lib</file>
         <name>e_sqrt.c.obj</name>
      </input_file>
      <input_file id="fl-e5">
         <path>C:\ti\ccs2011\ccs\tools\compiler\ti-cgt-msp430_21.6.1.LTS\lib\</path>
         <kind>archive</kind>
         <file>rts430x_sc_sd_eabi.lib</file>
         <name>strchr.c.obj</name>
      </input_file>
      <input_file id="fl-e6">
         <path>C:\ti\ccs2011\ccs\tools\compiler\ti-cgt-msp430_21.6.1.LTS\lib\</path>
         <kind>archive</kind>
         <file>rts430x_sc_sd_eabi.lib</file>
         <name>strcmp.c.obj</name>
      </input_file>
      <input_file id="fl-e7">
         <path>C:\ti\ccs2011\ccs\tools\compiler\ti-cgt-msp430_21.6.1.LTS\lib\</path>
         <kind>archive</kind>
         <file>rts430x_sc_sd_eabi.lib</file>
         <name>strcpy.c.obj</name>
      </input_file>
      <input_file id="fl-e8">
         <path>C:\ti\ccs2011\ccs\tools\compiler\ti-cgt-msp430_21.6.1.LTS\lib\</path>
         <kind>archive</kind>
         <file>rts430x_sc_sd_eabi.lib</file>
         <name>strlen.c.obj</name>
      </input_file>
      <input_file id="fl-e9">
         <path>C:\ti\ccs2011\ccs\tools\compiler\ti-cgt-msp430_21.6.1.LTS\lib\</path>
         <kind>archive</kind>
         <file>rts430x_sc_sd_eabi.lib</file>
         <name>strncpy.c.obj</name>
      </input_file>
      <input_file id="fl-ea">
         <path>C:\ti\ccs2011\ccs\tools\compiler\ti-cgt-msp430_21.6.1.LTS\lib\</path>
         <kind>archive</kind>
         <file>rts430x_sc_sd_eabi.lib</file>
         <name>toupper.c.obj</name>
      </input_file>
      <input_file id="fl-eb">
         <path>C:\ti\ccs2011\ccs\tools\compiler\ti-cgt-msp430_21.6.1.LTS\lib\</path>
         <kind>archive</kind>
         <file>rts430x_sc_sd_eabi.lib</file>
         <name>unlink.c.obj</name>
      </input_file>
      <input_file id="fl-ec">
         <path>C:\ti\ccs2011\ccs\tools\compiler\ti-cgt-msp430_21.6.1.LTS\lib\</path>
         <kind>archive</kind>
         <file>rts430x_sc_sd_eabi.lib</file>
         <name>wcslen.c.obj</name>
      </input_file>
      <input_file id="fl-ed">
         <path>C:\ti\ccs2011\ccs\tools\compiler\ti-cgt-msp430_21.6.1.LTS\lib\</path>
         <kind>archive</kind>
         <file>rts430x_sc_sd_eabi.lib</file>
         <name>write.c.obj</name>
      </input_file>
      <input_file id="fl-ef">
         <path>C:\Users\LIMZY~1\AppData\Local\Temp\</path>
         <kind>object</kind>
         <file>{5EAF677E-BE38-433B-9490-BD9FCF7EC423}</file>
         <name>{5EAF677E-BE38-433B-9490-BD9FCF7EC423}</name>
      </input_file>
      <input_file id="fl-30">
         <kind>object</kind>
         <file>&lt;internal&gt;</file>
         <name>&lt;internal&gt;</name>
      </input_file>
      <input_file id="fl-50">
         <path>C:\ti\ccs2011\ccs\tools\compiler\ti-cgt-msp430_21.6.1.LTS\lib\</path>
         <kind>archive</kind>
         <file>rts430x_sc_sd_eabi.lib</file>
         <name>new.cpp.obj</name>
      </input_file>
      <input_file id="fl-53">
         <path>C:\ti\ccs2011\ccs\tools\compiler\ti-cgt-msp430_21.6.1.LTS\lib\</path>
         <kind>archive</kind>
         <file>rts430x_sc_sd_eabi.lib</file>
         <name>int30.asm.obj</name>
      </input_file>
      <input_file id="fl-54">
         <path>C:\ti\ccs2011\ccs\tools\compiler\ti-cgt-msp430_21.6.1.LTS\lib\</path>
         <kind>archive</kind>
         <file>rts430x_sc_sd_eabi.lib</file>
         <name>isr_trap.asm.obj</name>
      </input_file>
      <input_file id="fl-55">
         <path>C:\ti\ccs2011\ccs\tools\compiler\ti-cgt-msp430_21.6.1.LTS\lib\</path>
         <kind>archive</kind>
         <file>rts430x_sc_sd_eabi.lib</file>
         <name>int31.asm.obj</name>
      </input_file>
      <input_file id="fl-56">
         <path>C:\ti\ccs2011\ccs\tools\compiler\ti-cgt-msp430_21.6.1.LTS\lib\</path>
         <kind>archive</kind>
         <file>rts430x_sc_sd_eabi.lib</file>
         <name>int32.asm.obj</name>
      </input_file>
      <input_file id="fl-57">
         <path>C:\ti\ccs2011\ccs\tools\compiler\ti-cgt-msp430_21.6.1.LTS\lib\</path>
         <kind>archive</kind>
         <file>rts430x_sc_sd_eabi.lib</file>
         <name>int33.asm.obj</name>
      </input_file>
      <input_file id="fl-58">
         <path>C:\ti\ccs2011\ccs\tools\compiler\ti-cgt-msp430_21.6.1.LTS\lib\</path>
         <kind>archive</kind>
         <file>rts430x_sc_sd_eabi.lib</file>
         <name>int34.asm.obj</name>
      </input_file>
      <input_file id="fl-59">
         <path>C:\ti\ccs2011\ccs\tools\compiler\ti-cgt-msp430_21.6.1.LTS\lib\</path>
         <kind>archive</kind>
         <file>rts430x_sc_sd_eabi.lib</file>
         <name>int35.asm.obj</name>
      </input_file>
      <input_file id="fl-5a">
         <path>C:\ti\ccs2011\ccs\tools\compiler\ti-cgt-msp430_21.6.1.LTS\lib\</path>
         <kind>archive</kind>
         <file>rts430x_sc_sd_eabi.lib</file>
         <name>int36.asm.obj</name>
      </input_file>
      <input_file id="fl-5b">
         <path>C:\ti\ccs2011\ccs\tools\compiler\ti-cgt-msp430_21.6.1.LTS\lib\</path>
         <kind>archive</kind>
         <file>rts430x_sc_sd_eabi.lib</file>
         <name>int37.asm.obj</name>
      </input_file>
      <input_file id="fl-5c">
         <path>C:\ti\ccs2011\ccs\tools\compiler\ti-cgt-msp430_21.6.1.LTS\lib\</path>
         <kind>archive</kind>
         <file>rts430x_sc_sd_eabi.lib</file>
         <name>int38.asm.obj</name>
      </input_file>
      <input_file id="fl-5d">
         <path>C:\ti\ccs2011\ccs\tools\compiler\ti-cgt-msp430_21.6.1.LTS\lib\</path>
         <kind>archive</kind>
         <file>rts430x_sc_sd_eabi.lib</file>
         <name>int39.asm.obj</name>
      </input_file>
      <input_file id="fl-5e">
         <path>C:\ti\ccs2011\ccs\tools\compiler\ti-cgt-msp430_21.6.1.LTS\lib\</path>
         <kind>archive</kind>
         <file>rts430x_sc_sd_eabi.lib</file>
         <name>int40.asm.obj</name>
      </input_file>
      <input_file id="fl-5f">
         <path>C:\ti\ccs2011\ccs\tools\compiler\ti-cgt-msp430_21.6.1.LTS\lib\</path>
         <kind>archive</kind>
         <file>rts430x_sc_sd_eabi.lib</file>
         <name>int41.asm.obj</name>
      </input_file>
      <input_file id="fl-60">
         <path>C:\ti\ccs2011\ccs\tools\compiler\ti-cgt-msp430_21.6.1.LTS\lib\</path>
         <kind>archive</kind>
         <file>rts430x_sc_sd_eabi.lib</file>
         <name>int42.asm.obj</name>
      </input_file>
      <input_file id="fl-61">
         <path>C:\ti\ccs2011\ccs\tools\compiler\ti-cgt-msp430_21.6.1.LTS\lib\</path>
         <kind>archive</kind>
         <file>rts430x_sc_sd_eabi.lib</file>
         <name>int43.asm.obj</name>
      </input_file>
      <input_file id="fl-62">
         <path>C:\ti\ccs2011\ccs\tools\compiler\ti-cgt-msp430_21.6.1.LTS\lib\</path>
         <kind>archive</kind>
         <file>rts430x_sc_sd_eabi.lib</file>
         <name>int44.asm.obj</name>
      </input_file>
      <input_file id="fl-63">
         <path>C:\ti\ccs2011\ccs\tools\compiler\ti-cgt-msp430_21.6.1.LTS\lib\</path>
         <kind>archive</kind>
         <file>rts430x_sc_sd_eabi.lib</file>
         <name>int45.asm.obj</name>
      </input_file>
      <input_file id="fl-64">
         <path>C:\ti\ccs2011\ccs\tools\compiler\ti-cgt-msp430_21.6.1.LTS\lib\</path>
         <kind>archive</kind>
         <file>rts430x_sc_sd_eabi.lib</file>
         <name>int46.asm.obj</name>
      </input_file>
      <input_file id="fl-65">
         <path>C:\ti\ccs2011\ccs\tools\compiler\ti-cgt-msp430_21.6.1.LTS\lib\</path>
         <kind>archive</kind>
         <file>rts430x_sc_sd_eabi.lib</file>
         <name>int48.asm.obj</name>
      </input_file>
      <input_file id="fl-66">
         <path>C:\ti\ccs2011\ccs\tools\compiler\ti-cgt-msp430_21.6.1.LTS\lib\</path>
         <kind>archive</kind>
         <file>rts430x_sc_sd_eabi.lib</file>
         <name>int49.asm.obj</name>
      </input_file>
      <input_file id="fl-67">
         <path>C:\ti\ccs2011\ccs\tools\compiler\ti-cgt-msp430_21.6.1.LTS\lib\</path>
         <kind>archive</kind>
         <file>rts430x_sc_sd_eabi.lib</file>
         <name>int50.asm.obj</name>
      </input_file>
      <input_file id="fl-68">
         <path>C:\ti\ccs2011\ccs\tools\compiler\ti-cgt-msp430_21.6.1.LTS\lib\</path>
         <kind>archive</kind>
         <file>rts430x_sc_sd_eabi.lib</file>
         <name>int51.asm.obj</name>
      </input_file>
      <input_file id="fl-69">
         <path>C:\ti\ccs2011\ccs\tools\compiler\ti-cgt-msp430_21.6.1.LTS\lib\</path>
         <kind>archive</kind>
         <file>rts430x_sc_sd_eabi.lib</file>
         <name>int52.asm.obj</name>
      </input_file>
      <input_file id="fl-6a">
         <path>C:\ti\ccs2011\ccs\tools\compiler\ti-cgt-msp430_21.6.1.LTS\lib\</path>
         <kind>archive</kind>
         <file>rts430x_sc_sd_eabi.lib</file>
         <name>int53.asm.obj</name>
      </input_file>
      <input_file id="fl-6b">
         <path>C:\ti\ccs2011\ccs\tools\compiler\ti-cgt-msp430_21.6.1.LTS\lib\</path>
         <kind>archive</kind>
         <file>rts430x_sc_sd_eabi.lib</file>
         <name>int54.asm.obj</name>
      </input_file>
      <input_file id="fl-73">
         <path>C:\ti\ccs2011\ccs\tools\compiler\ti-cgt-msp430_21.6.1.LTS\lib\</path>
         <kind>archive</kind>
         <file>rts430x_sc_sd_eabi.lib</file>
         <name>fs_add.asm.obj</name>
      </input_file>
      <input_file id="fl-75">
         <path>C:\ti\ccs2011\ccs\tools\compiler\ti-cgt-msp430_21.6.1.LTS\lib\</path>
         <kind>archive</kind>
         <file>rts430x_sc_sd_eabi.lib</file>
         <name>fs_cmp.asm.obj</name>
      </input_file>
      <input_file id="fl-7a">
         <path>C:\ti\ccs2011\ccs\tools\compiler\ti-cgt-msp430_21.6.1.LTS\lib\</path>
         <kind>archive</kind>
         <file>rts430x_sc_sd_eabi.lib</file>
         <name>fs_div.asm.obj</name>
      </input_file>
      <input_file id="fl-7b">
         <path>C:\ti\ccs2011\ccs\tools\compiler\ti-cgt-msp430_21.6.1.LTS\lib\</path>
         <kind>archive</kind>
         <file>rts430x_sc_sd_eabi.lib</file>
         <name>div16s.asm.obj</name>
      </input_file>
      <input_file id="fl-7c">
         <path>C:\ti\ccs2011\ccs\tools\compiler\ti-cgt-msp430_21.6.1.LTS\lib\</path>
         <kind>archive</kind>
         <file>rts430x_sc_sd_eabi.lib</file>
         <name>div32s.asm.obj</name>
      </input_file>
      <input_file id="fl-7d">
         <path>C:\ti\ccs2011\ccs\tools\compiler\ti-cgt-msp430_21.6.1.LTS\lib\</path>
         <kind>archive</kind>
         <file>rts430x_sc_sd_eabi.lib</file>
         <name>div16u.asm.obj</name>
      </input_file>
      <input_file id="fl-7e">
         <path>C:\ti\ccs2011\ccs\tools\compiler\ti-cgt-msp430_21.6.1.LTS\lib\</path>
         <kind>archive</kind>
         <file>rts430x_sc_sd_eabi.lib</file>
         <name>div32u.asm.obj</name>
      </input_file>
      <input_file id="fl-82">
         <path>C:\ti\ccs2011\ccs\tools\compiler\ti-cgt-msp430_21.6.1.LTS\lib\</path>
         <kind>archive</kind>
         <file>rts430x_sc_sd_eabi.lib</file>
         <name>fs_toi.asm.obj</name>
      </input_file>
      <input_file id="fl-83">
         <path>C:\ti\ccs2011\ccs\tools\compiler\ti-cgt-msp430_21.6.1.LTS\lib\</path>
         <kind>archive</kind>
         <file>rts430x_sc_sd_eabi.lib</file>
         <name>fs_tou.asm.obj</name>
      </input_file>
      <input_file id="fl-85">
         <path>C:\ti\ccs2011\ccs\tools\compiler\ti-cgt-msp430_21.6.1.LTS\lib\</path>
         <kind>archive</kind>
         <file>rts430x_sc_sd_eabi.lib</file>
         <name>fs_itof.asm.obj</name>
      </input_file>
      <input_file id="fl-87">
         <path>C:\ti\ccs2011\ccs\tools\compiler\ti-cgt-msp430_21.6.1.LTS\lib\</path>
         <kind>archive</kind>
         <file>rts430x_sc_sd_eabi.lib</file>
         <name>fs_ltof.asm.obj</name>
      </input_file>
      <input_file id="fl-88">
         <path>C:\ti\ccs2011\ccs\tools\compiler\ti-cgt-msp430_21.6.1.LTS\lib\</path>
         <kind>archive</kind>
         <file>rts430x_sc_sd_eabi.lib</file>
         <name>fs_utof.asm.obj</name>
      </input_file>
      <input_file id="fl-8b">
         <path>C:\ti\ccs2011\ccs\tools\compiler\ti-cgt-msp430_21.6.1.LTS\lib\</path>
         <kind>archive</kind>
         <file>rts430x_sc_sd_eabi.lib</file>
         <name>fs_mpy.asm.obj</name>
      </input_file>
      <input_file id="fl-8c">
         <path>C:\ti\ccs2011\ccs\tools\compiler\ti-cgt-msp430_21.6.1.LTS\lib\</path>
         <kind>archive</kind>
         <file>rts430x_sc_sd_eabi.lib</file>
         <name>mult16.asm.obj</name>
      </input_file>
      <input_file id="fl-8d">
         <path>C:\ti\ccs2011\ccs\tools\compiler\ti-cgt-msp430_21.6.1.LTS\lib\</path>
         <kind>archive</kind>
         <file>rts430x_sc_sd_eabi.lib</file>
         <name>mult16_f5hw.asm.obj</name>
      </input_file>
      <input_file id="fl-8e">
         <path>C:\ti\ccs2011\ccs\tools\compiler\ti-cgt-msp430_21.6.1.LTS\lib\</path>
         <kind>archive</kind>
         <file>rts430x_sc_sd_eabi.lib</file>
         <name>mult32.asm.obj</name>
      </input_file>
      <input_file id="fl-8f">
         <path>C:\ti\ccs2011\ccs\tools\compiler\ti-cgt-msp430_21.6.1.LTS\lib\</path>
         <kind>archive</kind>
         <file>rts430x_sc_sd_eabi.lib</file>
         <name>mult32_f5hw.asm.obj</name>
      </input_file>
      <input_file id="fl-90">
         <path>C:\ti\ccs2011\ccs\tools\compiler\ti-cgt-msp430_21.6.1.LTS\lib\</path>
         <kind>archive</kind>
         <file>rts430x_sc_sd_eabi.lib</file>
         <name>mult64.asm.obj</name>
      </input_file>
      <input_file id="fl-91">
         <path>C:\ti\ccs2011\ccs\tools\compiler\ti-cgt-msp430_21.6.1.LTS\lib\</path>
         <kind>archive</kind>
         <file>rts430x_sc_sd_eabi.lib</file>
         <name>mult64_f5hw.asm.obj</name>
      </input_file>
      <input_file id="fl-92">
         <path>C:\ti\ccs2011\ccs\tools\compiler\ti-cgt-msp430_21.6.1.LTS\lib\</path>
         <kind>archive</kind>
         <file>rts430x_sc_sd_eabi.lib</file>
         <name>mult1632.asm.obj</name>
      </input_file>
      <input_file id="fl-93">
         <path>C:\ti\ccs2011\ccs\tools\compiler\ti-cgt-msp430_21.6.1.LTS\lib\</path>
         <kind>archive</kind>
         <file>rts430x_sc_sd_eabi.lib</file>
         <name>mult1632_f5hw.asm.obj</name>
      </input_file>
      <input_file id="fl-94">
         <path>C:\ti\ccs2011\ccs\tools\compiler\ti-cgt-msp430_21.6.1.LTS\lib\</path>
         <kind>archive</kind>
         <file>rts430x_sc_sd_eabi.lib</file>
         <name>mult3264_f5hw.asm.obj</name>
      </input_file>
      <input_file id="fl-95">
         <path>C:\ti\ccs2011\ccs\tools\compiler\ti-cgt-msp430_21.6.1.LTS\lib\</path>
         <kind>archive</kind>
         <file>rts430x_sc_sd_eabi.lib</file>
         <name>mult3264.asm.obj</name>
      </input_file>
      <input_file id="fl-96">
         <path>C:\ti\ccs2011\ccs\tools\compiler\ti-cgt-msp430_21.6.1.LTS\lib\</path>
         <kind>archive</kind>
         <file>rts430x_sc_sd_eabi.lib</file>
         <name>fs_neg.asm.obj</name>
      </input_file>
      <input_file id="fl-9a">
         <path>C:\ti\ccs2011\ccs\tools\compiler\ti-cgt-msp430_21.6.1.LTS\lib\</path>
         <kind>archive</kind>
         <file>rts430x_sc_sd_eabi.lib</file>
         <name>lsl16.asm.obj</name>
      </input_file>
      <input_file id="fl-9b">
         <path>C:\ti\ccs2011\ccs\tools\compiler\ti-cgt-msp430_21.6.1.LTS\lib\</path>
         <kind>archive</kind>
         <file>rts430x_sc_sd_eabi.lib</file>
         <name>lsl32.asm.obj</name>
      </input_file>
      <input_file id="fl-9d">
         <path>C:\ti\ccs2011\ccs\tools\compiler\ti-cgt-msp430_21.6.1.LTS\lib\</path>
         <kind>archive</kind>
         <file>rts430x_sc_sd_eabi.lib</file>
         <name>asr32.asm.obj</name>
      </input_file>
      <input_file id="fl-9f">
         <path>C:\ti\ccs2011\ccs\tools\compiler\ti-cgt-msp430_21.6.1.LTS\lib\</path>
         <kind>archive</kind>
         <file>rts430x_sc_sd_eabi.lib</file>
         <name>lsr32.asm.obj</name>
      </input_file>
      <input_file id="fl-a3">
         <path>C:\ti\ccs2011\ccs\tools\compiler\ti-cgt-msp430_21.6.1.LTS\lib\</path>
         <kind>archive</kind>
         <file>rts430x_sc_sd_eabi.lib</file>
         <name>boot.c.obj</name>
      </input_file>
      <input_file id="fl-a5">
         <path>C:\ti\ccs2011\ccs\tools\compiler\ti-cgt-msp430_21.6.1.LTS\lib\</path>
         <kind>archive</kind>
         <file>rts430x_sc_sd_eabi.lib</file>
         <name>args_main.c.obj</name>
      </input_file>
      <input_file id="fl-a6">
         <path>C:\ti\ccs2011\ccs\tools\compiler\ti-cgt-msp430_21.6.1.LTS\lib\</path>
         <kind>archive</kind>
         <file>rts430x_sc_sd_eabi.lib</file>
         <name>autoinit.c.obj</name>
      </input_file>
      <input_file id="fl-a9">
         <path>C:\ti\ccs2011\ccs\tools\compiler\ti-cgt-msp430_21.6.1.LTS\lib\</path>
         <kind>archive</kind>
         <file>rts430x_sc_sd_eabi.lib</file>
         <name>startup.c.obj</name>
      </input_file>
      <input_file id="fl-ab">
         <path>C:\ti\ccs2011\ccs\tools\compiler\ti-cgt-msp430_21.6.1.LTS\lib\</path>
         <kind>archive</kind>
         <file>rts430x_sc_sd_eabi.lib</file>
         <name>exit.c.obj</name>
      </input_file>
      <input_file id="fl-b8">
         <path>C:\ti\ccs2011\ccs\tools\compiler\ti-cgt-msp430_21.6.1.LTS\lib\</path>
         <kind>archive</kind>
         <file>rts430x_sc_sd_eabi.lib</file>
         <name>_printfi.c.obj</name>
      </input_file>
      <input_file id="fl-d0">
         <path>C:\ti\ccs2011\ccs\tools\compiler\ti-cgt-msp430_21.6.1.LTS\lib\</path>
         <kind>archive</kind>
         <file>rts430x_sc_sd_eabi.lib</file>
         <name>trgmsg.c.obj</name>
      </input_file>
      <input_file id="fl-f0">
         <path>C:\ti\ccs2011\ccs\tools\compiler\ti-cgt-msp430_21.6.1.LTS\lib\</path>
         <kind>archive</kind>
         <file>rts430x_sc_sd_eabi.lib</file>
         <name>lsl64.c.obj</name>
      </input_file>
      <input_file id="fl-f1">
         <path>C:\ti\ccs2011\ccs\tools\compiler\ti-cgt-msp430_21.6.1.LTS\lib\</path>
         <kind>archive</kind>
         <file>rts430x_sc_sd_eabi.lib</file>
         <name>rem64s.c.obj</name>
      </input_file>
      <input_file id="fl-f2">
         <path>C:\ti\ccs2011\ccs\tools\compiler\ti-cgt-msp430_21.6.1.LTS\lib\</path>
         <kind>archive</kind>
         <file>rts430x_sc_sd_eabi.lib</file>
         <name>addd.c.obj</name>
      </input_file>
      <input_file id="fl-f3">
         <path>C:\ti\ccs2011\ccs\tools\compiler\ti-cgt-msp430_21.6.1.LTS\lib\</path>
         <kind>archive</kind>
         <file>rts430x_sc_sd_eabi.lib</file>
         <name>cvtfd.c.obj</name>
      </input_file>
      <input_file id="fl-f4">
         <path>C:\ti\ccs2011\ccs\tools\compiler\ti-cgt-msp430_21.6.1.LTS\lib\</path>
         <kind>archive</kind>
         <file>rts430x_sc_sd_eabi.lib</file>
         <name>cvtdf.c.obj</name>
      </input_file>
      <input_file id="fl-f5">
         <path>C:\ti\ccs2011\ccs\tools\compiler\ti-cgt-msp430_21.6.1.LTS\lib\</path>
         <kind>archive</kind>
         <file>rts430x_sc_sd_eabi.lib</file>
         <name>asr64.c.obj</name>
      </input_file>
      <input_file id="fl-f6">
         <path>C:\ti\ccs2011\ccs\tools\compiler\ti-cgt-msp430_21.6.1.LTS\lib\</path>
         <kind>archive</kind>
         <file>rts430x_sc_sd_eabi.lib</file>
         <name>div64s.c.obj</name>
      </input_file>
      <input_file id="fl-f7">
         <path>C:\ti\ccs2011\ccs\tools\compiler\ti-cgt-msp430_21.6.1.LTS\lib\</path>
         <kind>archive</kind>
         <file>rts430x_sc_sd_eabi.lib</file>
         <name>llabs.c.obj</name>
      </input_file>
   </input_file_list>
   <object_component_list>
      <object_component id="oc-bd2">
         <name>.cio</name>
         <uninitialized>true</uninitialized>
         <run_address>0x4400</run_address>
         <size>0x120</size>
         <input_file_ref idref="fl-d0"/>
      </object_component>
      <object_component id="oc-3b1">
         <name>.sysmem</name>
         <uninitialized>true</uninitialized>
         <run_address>0x4520</run_address>
         <size>0x8</size>
         <input_file_ref idref="fl-ae"/>
      </object_component>
      <object_component id="oc-c5d">
         <name>.sysmem</name>
         <uninitialized>true</uninitialized>
         <run_address>0x4520</run_address>
         <size>0x0</size>
      </object_component>
      <object_component id="oc-c5a">
         <name>.cinit..data.load</name>
         <load_address>0xfa62</load_address>
         <run_address>0xfa62</run_address>
         <size>0x5b</size>
      </object_component>
      <object_component id="oc-c57">
         <name>__TI_handler_table</name>
         <load_address>0xfabe</load_address>
         <run_address>0xfabe</run_address>
         <size>0x6</size>
      </object_component>
      <object_component id="oc-c59">
         <name>.cinit..bss.load</name>
         <load_address>0xfac4</load_address>
         <run_address>0xfac4</run_address>
         <size>0x4</size>
      </object_component>
      <object_component id="oc-c58">
         <name>__TI_cinit_table</name>
         <load_address>0xfac8</load_address>
         <run_address>0xfac8</run_address>
         <size>0x8</size>
      </object_component>
      <object_component id="oc-be6">
         <name>.binit</name>
         <load_address>0x4400</load_address>
         <run_address>0x4400</run_address>
         <size>0x0</size>
      </object_component>
      <object_component id="oc-3b4">
         <name>.init_array</name>
         <load_address>0xfa60</load_address>
         <run_address>0xfa60</run_address>
         <size>0x2</size>
         <input_file_ref idref="fl-ef"/>
      </object_component>
      <object_component id="oc-c5b">
         <name>__TI_INITARRAY_Limit</name>
         <load_address>0xfa62</load_address>
         <run_address>0xfa62</run_address>
         <size>0x0</size>
      </object_component>
      <object_component id="oc-54a">
         <name>.const:.string</name>
         <load_address>0xecca</load_address>
         <run_address>0xecca</run_address>
         <size>0x550</size>
         <input_file_ref idref="fl-ef"/>
      </object_component>
      <object_component id="oc-a18">
         <name>.const:.string:_ZN32_INTERNAL_10_ggwave_cpp_4bcb2b8b2RS2gf3expE$38</name>
         <load_address>0xf21a</load_address>
         <run_address>0xf21a</run_address>
         <size>0x200</size>
         <input_file_ref idref="fl-28"/>
      </object_component>
      <object_component id="oc-a67">
         <name>.const:ipio2$79</name>
         <load_address>0xf41a</load_address>
         <run_address>0xf41a</run_address>
         <size>0x108</size>
         <input_file_ref idref="fl-b2"/>
      </object_component>
      <object_component id="oc-a9e">
         <name>.const:.string:_ctypes_</name>
         <load_address>0xf522</load_address>
         <run_address>0xf522</run_address>
         <size>0x101</size>
         <input_file_ref idref="fl-bc"/>
      </object_component>
      <object_component id="oc-a0a">
         <name>.const:.string:_ZN32_INTERNAL_10_ggwave_cpp_4bcb2b8b2RS2gf3logE$38</name>
         <load_address>0xf624</load_address>
         <run_address>0xf624</run_address>
         <size>0x100</size>
         <input_file_ref idref="fl-28"/>
      </object_component>
      <object_component id="oc-a2e">
         <name>.const:.string:_ZZN2RS4Poly3SetEPKhhhEs</name>
         <load_address>0xf724</load_address>
         <run_address>0xf724</run_address>
         <size>0x58</size>
         <input_file_ref idref="fl-28"/>
      </object_component>
      <object_component id="oc-9fe">
         <name>.const:.string:_ZZN2RS11ReedSolomon11EncodeBlockEPKvPvEs</name>
         <load_address>0xf77c</load_address>
         <run_address>0xf77c</run_address>
         <size>0x53</size>
         <input_file_ref idref="fl-28"/>
      </object_component>
      <object_component id="oc-a29">
         <name>.const:.string:_ZZNK2RS4Poly3ptrEvEs</name>
         <load_address>0xf7d0</load_address>
         <run_address>0xf7d0</run_address>
         <size>0x4b</size>
         <input_file_ref idref="fl-28"/>
      </object_component>
      <object_component id="oc-ae3">
         <name>.const:.string:_ZZNK2RS4Poly2atEhEs</name>
         <load_address>0xf81c</load_address>
         <run_address>0xf81c</run_address>
         <size>0x41</size>
         <input_file_ref idref="fl-28"/>
      </object_component>
      <object_component id="oc-8dd">
         <name>.const:.string:_ZN32_INTERNAL_10_ggwave_cpp_4bcb2b8b34_GLOBAL__N__10_ggwave_cpp_4bcb2b8b9kDSSMagicE$38</name>
         <load_address>0xf85e</load_address>
         <run_address>0xf85e</run_address>
         <size>0x40</size>
         <input_file_ref idref="fl-28"/>
      </object_component>
      <object_component id="oc-901">
         <name>.const:.string:_ZZN8ggvectorIfE4copyERKS0_Es</name>
         <load_address>0xf89e</load_address>
         <run_address>0xf89e</run_address>
         <size>0x40</size>
         <input_file_ref idref="fl-28"/>
      </object_component>
      <object_component id="oc-a7b">
         <name>.const:PIo2$79</name>
         <load_address>0xf8de</load_address>
         <run_address>0xf8de</run_address>
         <size>0x40</size>
         <input_file_ref idref="fl-b2"/>
      </object_component>
      <object_component id="oc-9a6">
         <name>.const:.string</name>
         <load_address>0xf91e</load_address>
         <run_address>0xf91e</run_address>
         <size>0x26</size>
         <input_file_ref idref="fl-b8"/>
      </object_component>
      <object_component id="oc-5cf">
         <name>.const:GPIO_PORT_TO_BASE$17</name>
         <load_address>0xf944</load_address>
         <run_address>0xf944</run_address>
         <size>0x1c</size>
         <input_file_ref idref="fl-13"/>
      </object_component>
      <object_component id="oc-8e1">
         <name>.const:$P$T90$23$38</name>
         <load_address>0xf960</load_address>
         <run_address>0xf960</run_address>
         <size>0xe</size>
         <input_file_ref idref="fl-28"/>
      </object_component>
      <object_component id="oc-701">
         <name>.const:.string:_ZZN6GGWave9Protocols8kDefaultEvEs_7</name>
         <load_address>0xf96e</load_address>
         <run_address>0xf96e</run_address>
         <size>0xd</size>
         <input_file_ref idref="fl-28"/>
      </object_component>
      <object_component id="oc-719">
         <name>.const:.string:_ZZN6GGWave9Protocols8kDefaultEvEs__10_</name>
         <load_address>0xf97c</load_address>
         <run_address>0xf97c</run_address>
         <size>0xd</size>
         <input_file_ref idref="fl-28"/>
      </object_component>
      <object_component id="oc-6e9">
         <name>.const:.string:_ZZN6GGWave9Protocols8kDefaultEvEs_4</name>
         <load_address>0xf98a</load_address>
         <run_address>0xf98a</run_address>
         <size>0xc</size>
         <input_file_ref idref="fl-28"/>
      </object_component>
      <object_component id="oc-6f1">
         <name>.const:.string:_ZZN6GGWave9Protocols8kDefaultEvEs_5</name>
         <load_address>0xf996</load_address>
         <run_address>0xf996</run_address>
         <size>0xc</size>
         <input_file_ref idref="fl-28"/>
      </object_component>
      <object_component id="oc-709">
         <name>.const:.string:_ZZN6GGWave9Protocols8kDefaultEvEs_8</name>
         <load_address>0xf9a2</load_address>
         <run_address>0xf9a2</run_address>
         <size>0xc</size>
         <input_file_ref idref="fl-28"/>
      </object_component>
      <object_component id="oc-6d9">
         <name>.const:.string:_ZZN6GGWave9Protocols8kDefaultEvEs_2</name>
         <load_address>0xf9ae</load_address>
         <run_address>0xf9ae</run_address>
         <size>0xb</size>
         <input_file_ref idref="fl-28"/>
      </object_component>
      <object_component id="oc-6f9">
         <name>.const:.string:_ZZN6GGWave9Protocols8kDefaultEvEs_6</name>
         <load_address>0xf9ba</load_address>
         <run_address>0xf9ba</run_address>
         <size>0xa</size>
         <input_file_ref idref="fl-28"/>
      </object_component>
      <object_component id="oc-711">
         <name>.const:.string:_ZZN6GGWave9Protocols8kDefaultEvEs_9</name>
         <load_address>0xf9c4</load_address>
         <run_address>0xf9c4</run_address>
         <size>0xa</size>
         <input_file_ref idref="fl-28"/>
      </object_component>
      <object_component id="oc-6e1">
         <name>.const:.string:_ZZN6GGWave9Protocols8kDefaultEvEs_3</name>
         <load_address>0xf9ce</load_address>
         <run_address>0xf9ce</run_address>
         <size>0x9</size>
         <input_file_ref idref="fl-28"/>
      </object_component>
      <object_component id="oc-6c6">
         <name>.const:$P$T32$1$38</name>
         <load_address>0xf9d8</load_address>
         <run_address>0xf9d8</run_address>
         <size>0x8</size>
         <input_file_ref idref="fl-28"/>
      </object_component>
      <object_component id="oc-6ce">
         <name>.const:$P$T33$2$38</name>
         <load_address>0xf9e0</load_address>
         <run_address>0xf9e0</run_address>
         <size>0x8</size>
         <input_file_ref idref="fl-28"/>
      </object_component>
      <object_component id="oc-6d6">
         <name>.const:$P$T34$3$38</name>
         <load_address>0xf9e8</load_address>
         <run_address>0xf9e8</run_address>
         <size>0x8</size>
         <input_file_ref idref="fl-28"/>
      </object_component>
      <object_component id="oc-6de">
         <name>.const:$P$T35$4$38</name>
         <load_address>0xf9f0</load_address>
         <run_address>0xf9f0</run_address>
         <size>0x8</size>
         <input_file_ref idref="fl-28"/>
      </object_component>
      <object_component id="oc-6e6">
         <name>.const:$P$T36$5$38</name>
         <load_address>0xf9f8</load_address>
         <run_address>0xf9f8</run_address>
         <size>0x8</size>
         <input_file_ref idref="fl-28"/>
      </object_component>
      <object_component id="oc-6ee">
         <name>.const:$P$T37$6$38</name>
         <load_address>0xfa00</load_address>
         <run_address>0xfa00</run_address>
         <size>0x8</size>
         <input_file_ref idref="fl-28"/>
      </object_component>
      <object_component id="oc-6f6">
         <name>.const:$P$T38$7$38</name>
         <load_address>0xfa08</load_address>
         <run_address>0xfa08</run_address>
         <size>0x8</size>
         <input_file_ref idref="fl-28"/>
      </object_component>
      <object_component id="oc-6fe">
         <name>.const:$P$T39$8$38</name>
         <load_address>0xfa10</load_address>
         <run_address>0xfa10</run_address>
         <size>0x8</size>
         <input_file_ref idref="fl-28"/>
      </object_component>
      <object_component id="oc-706">
         <name>.const:$P$T40$9$38</name>
         <load_address>0xfa18</load_address>
         <run_address>0xfa18</run_address>
         <size>0x8</size>
         <input_file_ref idref="fl-28"/>
      </object_component>
      <object_component id="oc-70e">
         <name>.const:$P$T41$10$38</name>
         <load_address>0xfa20</load_address>
         <run_address>0xfa20</run_address>
         <size>0x8</size>
         <input_file_ref idref="fl-28"/>
      </object_component>
      <object_component id="oc-716">
         <name>.const:$P$T42$11$38</name>
         <load_address>0xfa28</load_address>
         <run_address>0xfa28</run_address>
         <size>0x8</size>
         <input_file_ref idref="fl-28"/>
      </object_component>
      <object_component id="oc-71e">
         <name>.const:$P$T43$12$38</name>
         <load_address>0xfa30</load_address>
         <run_address>0xfa30</run_address>
         <size>0x8</size>
         <input_file_ref idref="fl-28"/>
      </object_component>
      <object_component id="oc-6d1">
         <name>.const:.string:_ZZN6GGWave9Protocols8kDefaultEvEs_1</name>
         <load_address>0xfa38</load_address>
         <run_address>0xfa38</run_address>
         <size>0x8</size>
         <input_file_ref idref="fl-28"/>
      </object_component>
      <object_component id="oc-a64">
         <name>.const:init_jk$79</name>
         <load_address>0xfa40</load_address>
         <run_address>0xfa40</run_address>
         <size>0x8</size>
         <input_file_ref idref="fl-b2"/>
      </object_component>
      <object_component id="oc-6c1">
         <name>.const:.string:_ZZN6GGWave9Protocols8kDefaultEvEs</name>
         <load_address>0xfa48</load_address>
         <run_address>0xfa48</run_address>
         <size>0x7</size>
         <input_file_ref idref="fl-28"/>
      </object_component>
      <object_component id="oc-6c9">
         <name>.const:.string:_ZZN6GGWave9Protocols8kDefaultEvEs_0</name>
         <load_address>0xfa50</load_address>
         <run_address>0xfa50</run_address>
         <size>0x5</size>
         <input_file_ref idref="fl-28"/>
      </object_component>
      <object_component id="oc-5df">
         <name>.const:.string:$P$T1$1$1</name>
         <load_address>0xfa56</load_address>
         <run_address>0xfa56</run_address>
         <size>0x2</size>
         <input_file_ref idref="fl-3"/>
      </object_component>
      <object_component id="oc-3ce">
         <name>.text:_isr:__TI_ISR_TRAP</name>
         <load_address>0xfa58</load_address>
         <run_address>0xfa58</run_address>
         <size>0x8</size>
         <input_file_ref idref="fl-54"/>
      </object_component>
      <object_component id="oc-618">
         <name>.text:_ZN6GGWave6encodeEv</name>
         <load_address>0x4800</load_address>
         <run_address>0x4800</run_address>
         <size>0xae0</size>
         <input_file_ref idref="fl-28"/>
      </object_component>
      <object_component id="oc-956">
         <name>.text:__kernel_rem_pio2</name>
         <load_address>0x52e0</load_address>
         <run_address>0x52e0</run_address>
         <size>0xade</size>
         <input_file_ref idref="fl-b2"/>
      </object_component>
      <object_component id="oc-7c5">
         <name>.text:sin</name>
         <load_address>0x5dbe</load_address>
         <run_address>0x5dbe</run_address>
         <size>0x8fc</size>
         <input_file_ref idref="fl-e2"/>
      </object_component>
      <object_component id="oc-990">
         <name>.text:cos</name>
         <load_address>0x66ba</load_address>
         <run_address>0x66ba</run_address>
         <size>0x8f8</size>
         <input_file_ref idref="fl-b0"/>
      </object_component>
      <object_component id="oc-7b3">
         <name>.text:__mspabi_addd</name>
         <load_address>0x6fb2</load_address>
         <run_address>0x6fb2</run_address>
         <size>0x72a</size>
         <input_file_ref idref="fl-f2"/>
      </object_component>
      <object_component id="oc-73e">
         <name>.text:_ZN6GGWave5allocEPvRi</name>
         <load_address>0x76dc</load_address>
         <run_address>0x76dc</run_address>
         <size>0x4c4</size>
         <input_file_ref idref="fl-28"/>
      </object_component>
      <object_component id="oc-921">
         <name>.text:__TI_frcdivd</name>
         <load_address>0x7ba0</load_address>
         <run_address>0x7ba0</run_address>
         <size>0x468</size>
         <input_file_ref idref="fl-79"/>
      </object_component>
      <object_component id="oc-796">
         <name>.text:_ZN6GGWave9Resampler8resampleEfiPKfPf</name>
         <load_address>0x8008</load_address>
         <run_address>0x8008</run_address>
         <size>0x43c</size>
         <input_file_ref idref="fl-28"/>
      </object_component>
      <object_component id="oc-5fc">
         <name>.text:_ZN6GGWave7prepareERK17ggwave_Parametersb</name>
         <load_address>0x8444</load_address>
         <run_address>0x8444</run_address>
         <size>0x3ca</size>
         <input_file_ref idref="fl-28"/>
      </object_component>
      <object_component id="oc-b48">
         <name>.text:__mspabi_divull</name>
         <load_address>0x880e</load_address>
         <run_address>0x880e</run_address>
         <size>0x34e</size>
         <input_file_ref idref="fl-7f"/>
      </object_component>
      <object_component id="oc-8f1">
         <name>.text:_ZN2RS11ReedSolomon11EncodeBlockEPKvPv</name>
         <load_address>0x8b5c</load_address>
         <run_address>0x8b5c</run_address>
         <size>0x2f0</size>
         <input_file_ref idref="fl-28"/>
      </object_component>
      <object_component id="oc-833">
         <name>.text:sqrt</name>
         <load_address>0x8e4c</load_address>
         <run_address>0x8e4c</run_address>
         <size>0x2da</size>
         <input_file_ref idref="fl-e4"/>
      </object_component>
      <object_component id="oc-944">
         <name>.text:__kernel_sin</name>
         <load_address>0x9126</load_address>
         <run_address>0x9126</run_address>
         <size>0x2a8</size>
         <input_file_ref idref="fl-b3"/>
      </object_component>
      <object_component id="oc-7bf">
         <name>.text:__mspabi_mpyd</name>
         <load_address>0x93ce</load_address>
         <run_address>0x93ce</run_address>
         <size>0x292</size>
         <input_file_ref idref="fl-89"/>
      </object_component>
      <object_component id="oc-763">
         <name>.text:__TI_printfi:__TI_printfi</name>
         <load_address>0x9660</load_address>
         <run_address>0x9660</run_address>
         <size>0x27e</size>
         <input_file_ref idref="fl-b8"/>
      </object_component>
      <object_component id="oc-962">
         <name>.text:__kernel_cos</name>
         <load_address>0x98de</load_address>
         <run_address>0x98de</run_address>
         <size>0x264</size>
         <input_file_ref idref="fl-b1"/>
      </object_component>
      <object_component id="oc-9e2">
         <name>.text:_pproc_fgea</name>
         <load_address>0x9b42</load_address>
         <run_address>0x9b42</run_address>
         <size>0x262</size>
         <input_file_ref idref="fl-b8"/>
      </object_component>
      <object_component id="oc-769">
         <name>.text:_ZN6GGWave4initEiPKc17ggwave_ProtocolIdi</name>
         <load_address>0x9da4</load_address>
         <run_address>0x9da4</run_address>
         <size>0x246</size>
         <input_file_ref idref="fl-28"/>
      </object_component>
      <object_component id="oc-8ca">
         <name>.text:__TI_printfi:_setfield___TI_printfi</name>
         <load_address>0x9fea</load_address>
         <run_address>0x9fea</run_address>
         <size>0x246</size>
         <input_file_ref idref="fl-b8"/>
      </object_component>
      <object_component id="oc-b79">
         <name>.text:acvt</name>
         <load_address>0xa230</load_address>
         <run_address>0xa230</run_address>
         <size>0x238</size>
         <input_file_ref idref="fl-b8"/>
      </object_component>
      <object_component id="oc-7ad">
         <name>.text:__mspabi_divd</name>
         <load_address>0xa468</load_address>
         <run_address>0xa468</run_address>
         <size>0x21a</size>
         <input_file_ref idref="fl-78"/>
      </object_component>
      <object_component id="oc-ab0">
         <name>.text:__TI_printfi:_getarg_diouxp___TI_printfi</name>
         <load_address>0xa682</load_address>
         <run_address>0xa682</run_address>
         <size>0x1e8</size>
         <input_file_ref idref="fl-b8"/>
      </object_component>
      <object_component id="oc-b52">
         <name>.text:ecvt</name>
         <load_address>0xa86a</load_address>
         <run_address>0xa86a</run_address>
         <size>0x1d2</size>
         <input_file_ref idref="fl-b8"/>
      </object_component>
      <object_component id="oc-a70">
         <name>.text:floor</name>
         <load_address>0xaa3c</load_address>
         <run_address>0xaa3c</run_address>
         <size>0x1c0</size>
         <input_file_ref idref="fl-b6"/>
      </object_component>
      <object_component id="oc-b65">
         <name>.text:fcvt</name>
         <load_address>0xabfc</load_address>
         <run_address>0xabfc</run_address>
         <size>0x1b8</size>
         <input_file_ref idref="fl-b8"/>
      </object_component>
      <object_component id="oc-53e">
         <name>.text:_Z10init_radiov</name>
         <load_address>0xadb4</load_address>
         <run_address>0xadb4</run_address>
         <size>0x19a</size>
         <input_file_ref idref="fl-2"/>
      </object_component>
      <object_component id="oc-acf">
         <name>.text:_pconv_e</name>
         <load_address>0xaf4e</load_address>
         <run_address>0xaf4e</run_address>
         <size>0x19a</size>
         <input_file_ref idref="fl-b8"/>
      </object_component>
      <object_component id="oc-7a1">
         <name>.text:_ZN34_GLOBAL__N__10_ggwave_cpp_4bcb2b8b18addAmplitudeSmoothERK8ggvectorIfERS1_fiiii</name>
         <load_address>0xb0e8</load_address>
         <run_address>0xb0e8</run_address>
         <size>0x16a</size>
         <input_file_ref idref="fl-28"/>
      </object_component>
      <object_component id="oc-ad5">
         <name>.text:_pconv_a</name>
         <load_address>0xb252</load_address>
         <run_address>0xb252</run_address>
         <size>0x168</size>
         <input_file_ref idref="fl-b8"/>
      </object_component>
      <object_component id="oc-74b">
         <name>.text:_ZN6GGWave9Protocols2rxEv</name>
         <load_address>0xb3ba</load_address>
         <run_address>0xb3ba</run_address>
         <size>0x164</size>
         <input_file_ref idref="fl-28"/>
      </object_component>
      <object_component id="oc-5f6">
         <name>.text:_ZN6GGWave9Protocols2txEv</name>
         <load_address>0xb51e</load_address>
         <run_address>0xb51e</run_address>
         <size>0x164</size>
         <input_file_ref idref="fl-28"/>
      </object_component>
      <object_component id="oc-93d">
         <name>.text:__TI_frcmpyd</name>
         <load_address>0xb682</load_address>
         <run_address>0xb682</run_address>
         <size>0x164</size>
         <input_file_ref idref="fl-8a"/>
      </object_component>
      <object_component id="oc-a6a">
         <name>.text:scalbn</name>
         <load_address>0xb7e6</load_address>
         <run_address>0xb7e6</run_address>
         <size>0x158</size>
         <input_file_ref idref="fl-c4"/>
      </object_component>
      <object_component id="oc-512">
         <name>.text:_ZN6GGWaveC1Ev</name>
         <load_address>0xb93e</load_address>
         <run_address>0xb93e</run_address>
         <size>0x14a</size>
         <input_file_ref idref="fl-2"/>
      </object_component>
      <object_component id="oc-9dc">
         <name>.text:__TI_printfi:_pproc_diouxp___TI_printfi</name>
         <load_address>0xba88</load_address>
         <run_address>0xba88</run_address>
         <size>0x140</size>
         <input_file_ref idref="fl-b8"/>
      </object_component>
      <object_component id="oc-aeb">
         <name>.text:__mspabi_divlli</name>
         <load_address>0xbbc8</load_address>
         <run_address>0xbbc8</run_address>
         <size>0x13c</size>
         <input_file_ref idref="fl-f6"/>
      </object_component>
      <object_component id="oc-72e">
         <name>.text</name>
         <load_address>0xbd04</load_address>
         <run_address>0xbd04</run_address>
         <size>0x132</size>
         <input_file_ref idref="fl-73"/>
      </object_component>
      <object_component id="oc-77b">
         <name>.text:_ZN2RS11ReedSolomonC1EhhPh</name>
         <load_address>0xbe36</load_address>
         <run_address>0xbe36</run_address>
         <size>0x12c</size>
         <input_file_ref idref="fl-28"/>
      </object_component>
      <object_component id="oc-860">
         <name>.text:_ZN6GGWave9Resampler8makeSincEv</name>
         <load_address>0xbf62</load_address>
         <run_address>0xbf62</run_address>
         <size>0x12c</size>
         <input_file_ref idref="fl-28"/>
      </object_component>
      <object_component id="oc-ab6">
         <name>.text:__TI_printfi:_ltostr___TI_printfi</name>
         <load_address>0xc08e</load_address>
         <run_address>0xc08e</run_address>
         <size>0x122</size>
         <input_file_ref idref="fl-b8"/>
      </object_component>
      <object_component id="oc-558">
         <name>.text:_Z9send_textR6GGWavePKc17ggwave_ProtocolId</name>
         <load_address>0xc1b0</load_address>
         <run_address>0xc1b0</run_address>
         <size>0x10c</size>
         <input_file_ref idref="fl-2"/>
      </object_component>
      <object_component id="oc-5d3">
         <name>.text:_ZN15Adafruit_Si47135beginEv</name>
         <load_address>0xc2bc</load_address>
         <run_address>0xc2bc</run_address>
         <size>0x10a</size>
         <input_file_ref idref="fl-3"/>
      </object_component>
      <object_component id="oc-912">
         <name>.text:_ZNK6GGWave9Resampler4sincEd</name>
         <load_address>0xc3c6</load_address>
         <run_address>0xc3c6</run_address>
         <size>0xf4</size>
         <input_file_ref idref="fl-28"/>
      </object_component>
      <object_component id="oc-ac3">
         <name>.text:_pconv_g</name>
         <load_address>0xc4ba</load_address>
         <run_address>0xc4ba</run_address>
         <size>0xf4</size>
         <input_file_ref idref="fl-b8"/>
      </object_component>
      <object_component id="oc-5b7">
         <name>.text:aligned_alloc</name>
         <load_address>0xc5ae</load_address>
         <run_address>0xc5ae</run_address>
         <size>0xe6</size>
         <input_file_ref idref="fl-ae"/>
      </object_component>
      <object_component id="oc-744">
         <name>.text:fputs</name>
         <load_address>0xc694</load_address>
         <run_address>0xc694</run_address>
         <size>0xe4</size>
         <input_file_ref idref="fl-c0"/>
      </object_component>
      <object_component id="oc-8c4">
         <name>.text:__TI_printfi:_pproc_fwp___TI_printfi</name>
         <load_address>0xc778</load_address>
         <run_address>0xc778</run_address>
         <size>0xdc</size>
         <input_file_ref idref="fl-b8"/>
      </object_component>
      <object_component id="oc-59e">
         <name>.text:_ZN6GGWave2RxC1Ev</name>
         <load_address>0xc854</load_address>
         <run_address>0xc854</run_address>
         <size>0xda</size>
         <input_file_ref idref="fl-28"/>
      </object_component>
      <object_component id="oc-950">
         <name>.text:__mspabi_cmpd</name>
         <load_address>0xc92e</load_address>
         <run_address>0xc92e</run_address>
         <size>0xd8</size>
         <input_file_ref idref="fl-74"/>
      </object_component>
      <object_component id="oc-99a">
         <name>.text:setvbuf</name>
         <load_address>0xca06</load_address>
         <run_address>0xca06</run_address>
         <size>0xcc</size>
         <input_file_ref idref="fl-db"/>
      </object_component>
      <object_component id="oc-5ab">
         <name>.text:free</name>
         <load_address>0xcad2</load_address>
         <run_address>0xcad2</run_address>
         <size>0xc8</size>
         <input_file_ref idref="fl-ae"/>
      </object_component>
      <object_component id="oc-3d3">
         <name>.text:USCI_B0_ISR</name>
         <load_address>0xcb9a</load_address>
         <run_address>0xcb9a</run_address>
         <size>0xc6</size>
         <input_file_ref idref="fl-4"/>
      </object_component>
      <object_component id="oc-623">
         <name>.text</name>
         <load_address>0xcc60</load_address>
         <run_address>0xcc60</run_address>
         <size>0xc4</size>
         <input_file_ref idref="fl-8b"/>
      </object_component>
      <object_component id="oc-b39">
         <name>.text:__TI_closefile</name>
         <load_address>0xcd24</load_address>
         <run_address>0xcd24</run_address>
         <size>0xb8</size>
         <input_file_ref idref="fl-dd"/>
      </object_component>
      <object_component id="oc-8d6">
         <name>.text:__TI_printfi:_pproc_wstr___TI_printfi</name>
         <load_address>0xcddc</load_address>
         <run_address>0xcddc</run_address>
         <size>0xb8</size>
         <input_file_ref idref="fl-b8"/>
      </object_component>
      <object_component id="oc-7cb">
         <name>.text:__mspabi_cvtdf</name>
         <load_address>0xce94</load_address>
         <run_address>0xce94</run_address>
         <size>0xb2</size>
         <input_file_ref idref="fl-f4"/>
      </object_component>
      <object_component id="oc-86e">
         <name>.text:__TI_wrt_ok</name>
         <load_address>0xcf46</load_address>
         <run_address>0xcf46</run_address>
         <size>0xb0</size>
         <input_file_ref idref="fl-bf"/>
      </object_component>
      <object_component id="oc-538">
         <name>.text:_Z8init_mspv</name>
         <load_address>0xcff6</load_address>
         <run_address>0xcff6</run_address>
         <size>0xa6</size>
         <input_file_ref idref="fl-2"/>
      </object_component>
      <object_component id="oc-b73">
         <name>.text:frexp</name>
         <load_address>0xd09c</load_address>
         <run_address>0xd09c</run_address>
         <size>0xa6</size>
         <input_file_ref idref="fl-c1"/>
      </object_component>
      <object_component id="oc-bab">
         <name>.text:getdevice</name>
         <load_address>0xd142</load_address>
         <run_address>0xd142</run_address>
         <size>0xa4</size>
         <input_file_ref idref="fl-e0"/>
      </object_component>
      <object_component id="oc-8d0">
         <name>.text:__TI_printfi:_pproc_str___TI_printfi</name>
         <load_address>0xd1e6</load_address>
         <run_address>0xd1e6</run_address>
         <size>0x9e</size>
         <input_file_ref idref="fl-b8"/>
      </object_component>
      <object_component id="oc-936">
         <name>.text:__mspabi_fltlid</name>
         <load_address>0xd284</load_address>
         <run_address>0xd284</run_address>
         <size>0x9e</size>
         <input_file_ref idref="fl-86"/>
      </object_component>
      <object_component id="oc-723">
         <name>.text</name>
[...]
      <symbol id="sm-daf">
         <name>_system_pre_init</name>
         <value>0xecc2</value>
         <object_component_ref idref="oc-4f0"/>
      </symbol>
      <symbol id="sm-db0">
         <name>_ZN6GGWave9Resampler7newDataEf</name>
         <value>0xe5e0</value>
         <object_component_ref idref="oc-918"/>
      </symbol>
      <symbol id="sm-db1">
         <name>__TI_zero_init</name>
         <value>0xeb64</value>
         <object_component_ref idref="oc-3df"/>
      </symbol>
      <symbol id="sm-dec">
         <name>_Znaj</name>
         <value>0xecba</value>
         <object_component_ref idref="oc-9f0"/>
      </symbol>
      <symbol id="sm-ded">
         <name>_Znwj</name>
         <value>0xe8f2</value>
         <object_component_ref idref="oc-adc"/>
      </symbol>
      <symbol id="sm-dee">
         <name>_ZdlPv</name>
         <value>0xec84</value>
         <object_component_ref idref="oc-8f8"/>
      </symbol>
      <symbol id="sm-def">
         <name>_ZdaPv</name>
         <value>0xecb6</value>
         <object_component_ref idref="oc-789"/>
      </symbol>
      <symbol id="sm-df2">
         <name>__TI_int30</name>
         <value>0xffcc</value>
         <object_component_ref idref="oc-82"/>
      </symbol>
      <symbol id="sm-dfa">
         <name>__TI_ISR_TRAP</name>
         <value>0xfa58</value>
         <object_component_ref idref="oc-3ce"/>
      </symbol>
      <symbol id="sm-dfd">
         <name>__TI_int31</name>
         <value>0xffce</value>
         <object_component_ref idref="oc-83"/>
      </symbol>
      <symbol id="sm-e00">
         <name>__TI_int32</name>
         <value>0xffd0</value>
         <object_component_ref idref="oc-84"/>
      </symbol>
      <symbol id="sm-e03">
         <name>__TI_int33</name>
         <value>0xffd2</value>
         <object_component_ref idref="oc-85"/>
      </symbol>
      <symbol id="sm-e06">
         <name>__TI_int34</name>
         <value>0xffd4</value>
         <object_component_ref idref="oc-86"/>
      </symbol>
      <symbol id="sm-e09">
         <name>__TI_int35</name>
         <value>0xffd6</value>
         <object_component_ref idref="oc-87"/>
      </symbol>
      <symbol id="sm-e0c">
         <name>__TI_int36</name>
         <value>0xffd8</value>
         <object_component_ref idref="oc-88"/>
      </symbol>
      <symbol id="sm-e0f">
         <name>__TI_int37</name>
         <value>0xffda</value>
         <object_component_ref idref="oc-89"/>
      </symbol>
      <symbol id="sm-e12">
         <name>__TI_int38</name>
         <value>0xffdc</value>
         <object_component_ref idref="oc-8a"/>
      </symbol>
      <symbol id="sm-e15">
         <name>__TI_int39</name>
         <value>0xffde</value>
         <object_component_ref idref="oc-8b"/>
      </symbol>
      <symbol id="sm-e18">
         <name>__TI_int40</name>
         <value>0xffe0</value>
         <object_component_ref idref="oc-8c"/>
      </symbol>
      <symbol id="sm-e1b">
         <name>__TI_int41</name>
         <value>0xffe2</value>
         <object_component_ref idref="oc-8d"/>
      </symbol>
      <symbol id="sm-e1e">
         <name>__TI_int42</name>
         <value>0xffe4</value>
         <object_component_ref idref="oc-8e"/>
      </symbol>
      <symbol id="sm-e21">
         <name>__TI_int43</name>
         <value>0xffe6</value>
         <object_component_ref idref="oc-8f"/>
      </symbol>
      <symbol id="sm-e24">
         <name>__TI_int44</name>
         <value>0xffe8</value>
         <object_component_ref idref="oc-90"/>
      </symbol>
      <symbol id="sm-e27">
         <name>__TI_int45</name>
         <value>0xffea</value>
         <object_component_ref idref="oc-91"/>
      </symbol>
      <symbol id="sm-e2a">
         <name>__TI_int46</name>
         <value>0xffec</value>
         <object_component_ref idref="oc-92"/>
      </symbol>
      <symbol id="sm-e2d">
         <name>__TI_int48</name>
         <value>0xfff0</value>
         <object_component_ref idref="oc-94"/>
      </symbol>
      <symbol id="sm-e30">
         <name>__TI_int49</name>
         <value>0xfff2</value>
         <object_component_ref idref="oc-95"/>
      </symbol>
      <symbol id="sm-e33">
         <name>__TI_int50</name>
         <value>0xfff4</value>
         <object_component_ref idref="oc-96"/>
      </symbol>
      <symbol id="sm-e36">
         <name>__TI_int51</name>
         <value>0xfff6</value>
         <object_component_ref idref="oc-97"/>
      </symbol>
      <symbol id="sm-e39">
         <name>__TI_int52</name>
         <value>0xfff8</value>
         <object_component_ref idref="oc-98"/>
      </symbol>
      <symbol id="sm-e3c">
         <name>__TI_int53</name>
         <value>0xfffa</value>
         <object_component_ref idref="oc-99"/>
      </symbol>
      <symbol id="sm-e3f">
         <name>__TI_int54</name>
         <value>0xfffc</value>
         <object_component_ref idref="oc-9a"/>
      </symbol>
      <symbol id="sm-e5a">
         <name>__mspabi_subf</name>
         <value>0xbd04</value>
         <object_component_ref idref="oc-72e"/>
      </symbol>
      <symbol id="sm-e5b">
         <name>__mspabi_addf</name>
         <value>0xbd0a</value>
         <object_component_ref idref="oc-72e"/>
      </symbol>
      <symbol id="sm-e6b">
         <name>__mspabi_cmpf</name>
         <value>0xdfd4</value>
         <object_component_ref idref="oc-733"/>
      </symbol>
      <symbol id="sm-e7d">
         <name>__mspabi_divf</name>
         <value>0xd322</value>
         <object_component_ref idref="oc-723"/>
      </symbol>
      <symbol id="sm-e89">
         <name>__mspabi_remi</name>
         <value>0xe7a8</value>
         <object_component_ref idref="oc-776"/>
      </symbol>
      <symbol id="sm-e8a">
         <name>__mspabi_divi</name>
         <value>0xe7a8</value>
         <object_component_ref idref="oc-776"/>
      </symbol>
      <symbol id="sm-e96">
         <name>__mspabi_remli</name>
         <value>0xe314</value>
         <object_component_ref idref="oc-bd9"/>
      </symbol>
      <symbol id="sm-e97">
         <name>__mspabi_divli</name>
         <value>0xe314</value>
         <object_component_ref idref="oc-bd9"/>
      </symbol>
      <symbol id="sm-ea1">
         <name>__mspabi_remu</name>
         <value>0xeb4e</value>
         <object_component_ref idref="oc-8e5"/>
      </symbol>
      <symbol id="sm-ea2">
         <name>__mspabi_divu</name>
         <value>0xeb4e</value>
         <object_component_ref idref="oc-8e5"/>
      </symbol>
      <symbol id="sm-eb0">
         <name>__mspabi_remul</name>
         <value>0xde90</value>
         <object_component_ref idref="oc-632"/>
      </symbol>
      <symbol id="sm-eb1">
         <name>__mspabi_divul</name>
         <value>0xde90</value>
         <object_component_ref idref="oc-632"/>
      </symbol>
      <symbol id="sm-ec3">
         <name>__mspabi_fixfi</name>
         <value>0xdb26</value>
         <object_component_ref idref="oc-628"/>
      </symbol>
      <symbol id="sm-ed2">
         <name>__mspabi_fixfu</name>
         <value>0xe13c</value>
         <object_component_ref idref="oc-62d"/>
      </symbol>
      <symbol id="sm-edf">
         <name>__mspabi_fltif</name>
         <value>0xe5aa</value>
         <object_component_ref idref="oc-61e"/>
      </symbol>
      <symbol id="sm-eeb">
         <name>__mspabi_fltuf</name>
         <value>0xe93a</value>
         <object_component_ref idref="oc-7a8"/>
      </symbol>
      <symbol id="sm-f02">
         <name>__mspabi_mpyf</name>
         <value>0xcc60</value>
         <object_component_ref idref="oc-623"/>
      </symbol>
      <symbol id="sm-f0b">
         <name>__mspabi_mpyi_f5hw</name>
         <value>0xebb4</value>
         <object_component_ref idref="oc-7d1"/>
      </symbol>
      <symbol id="sm-f14">
         <name>__mspabi_mpyl_f5hw</name>
         <value>0xea66</value>
         <object_component_ref idref="oc-79c"/>
      </symbol>
      <symbol id="sm-f1d">
         <name>__mspabi_mpyll_f5hw</name>
         <value>0xde38</value>
         <object_component_ref idref="oc-a50"/>
      </symbol>
      <symbol id="sm-f26">
         <name>__mspabi_mpysl_f5hw</name>
         <value>0xeaf2</value>
         <object_component_ref idref="oc-a0d"/>
      </symbol>
      <symbol id="sm-f2e">
         <name>__mspabi_mpyull_f5hw</name>
         <value>0xe87a</value>
         <object_component_ref idref="oc-a55"/>
      </symbol>
      <symbol id="sm-f39">
         <name>__mspabi_slli</name>
         <value>0xec98</value>
         <object_component_ref idref="oc-b04"/>
      </symbol>
      <symbol id="sm-f49">
         <name>__mspabi_slll_9</name>
         <value>0xe426</value>
         <object_component_ref idref="oc-969"/>
      </symbol>
      <symbol id="sm-f4a">
         <name>__mspabi_slll_8</name>
         <value>0xe42a</value>
         <object_component_ref idref="oc-969"/>
      </symbol>
      <symbol id="sm-f4b">
         <name>__mspabi_slll_7</name>
         <value>0xe42e</value>
         <object_component_ref idref="oc-969"/>
      </symbol>
      <symbol id="sm-f4c">
         <name>__mspabi_slll_6</name>
         <value>0xe432</value>
         <object_component_ref idref="oc-969"/>
      </symbol>
      <symbol id="sm-f4d">
         <name>__mspabi_slll_5</name>
         <value>0xe436</value>
         <object_component_ref idref="oc-969"/>
      </symbol>
      <symbol id="sm-f4e">
         <name>__mspabi_slll_4</name>
         <value>0xe43a</value>
         <object_component_ref idref="oc-969"/>
      </symbol>
      <symbol id="sm-f4f">
         <name>__mspabi_slll_3</name>
         <value>0xe43e</value>
         <object_component_ref idref="oc-969"/>
      </symbol>
      <symbol id="sm-f50">
         <name>__mspabi_slll_2</name>
         <value>0xe442</value>
         <object_component_ref idref="oc-969"/>
      </symbol>
      <symbol id="sm-f51">
         <name>__mspabi_slll_1</name>
         <value>0xe446</value>
         <object_component_ref idref="oc-969"/>
      </symbol>
      <symbol id="sm-f52">
         <name>__mspabi_slll</name>
         <value>0xec34</value>
         <object_component_ref idref="oc-987"/>
      </symbol>
      <symbol id="sm-f53">
         <name>__mspabi_slll_15</name>
         <value>0xe40e</value>
         <object_component_ref idref="oc-969"/>
      </symbol>
      <symbol id="sm-f54">
         <name>__mspabi_slll_14</name>
         <value>0xe412</value>
         <object_component_ref idref="oc-969"/>
      </symbol>
      <symbol id="sm-f55">
         <name>__mspabi_slll_13</name>
         <value>0xe416</value>
         <object_component_ref idref="oc-969"/>
      </symbol>
      <symbol id="sm-f56">
         <name>__mspabi_slll_12</name>
         <value>0xe41a</value>
         <object_component_ref idref="oc-969"/>
      </symbol>
      <symbol id="sm-f57">
         <name>__mspabi_slll_11</name>
         <value>0xe41e</value>
         <object_component_ref idref="oc-969"/>
      </symbol>
      <symbol id="sm-f58">
         <name>__mspabi_slll_10</name>
         <value>0xe422</value>
         <object_component_ref idref="oc-969"/>
      </symbol>
      <symbol id="sm-f68">
         <name>__mspabi_sral</name>
         <value>0xec24</value>
         <object_component_ref idref="oc-a76"/>
      </symbol>
      <symbol id="sm-f69">
         <name>__mspabi_sral_15</name>
         <value>0xe3d0</value>
         <object_component_ref idref="oc-888"/>
      </symbol>
      <symbol id="sm-f6a">
         <name>__mspabi_sral_14</name>
         <value>0xe3d4</value>
         <object_component_ref idref="oc-888"/>
      </symbol>
      <symbol id="sm-f6b">
         <name>__mspabi_sral_13</name>
         <value>0xe3d8</value>
         <object_component_ref idref="oc-888"/>
      </symbol>
      <symbol id="sm-f6c">
         <name>__mspabi_sral_12</name>
         <value>0xe3dc</value>
         <object_component_ref idref="oc-888"/>
      </symbol>
      <symbol id="sm-f6d">
         <name>__mspabi_sral_11</name>
         <value>0xe3e0</value>
         <object_component_ref idref="oc-888"/>
      </symbol>
      <symbol id="sm-f6e">
         <name>__mspabi_sral_10</name>
         <value>0xe3e4</value>
         <object_component_ref idref="oc-888"/>
      </symbol>
      <symbol id="sm-f6f">
         <name>__mspabi_sral_8</name>
         <value>0xe3ec</value>
         <object_component_ref idref="oc-888"/>
      </symbol>
      <symbol id="sm-f70">
         <name>__mspabi_sral_9</name>
         <value>0xe3e8</value>
         <object_component_ref idref="oc-888"/>
      </symbol>
      <symbol id="sm-f71">
         <name>__mspabi_sral_6</name>
         <value>0xe3f4</value>
         <object_component_ref idref="oc-888"/>
      </symbol>
      <symbol id="sm-f72">
         <name>__mspabi_sral_7</name>
         <value>0xe3f0</value>
         <object_component_ref idref="oc-888"/>
      </symbol>
      <symbol id="sm-f73">
         <name>__mspabi_sral_4</name>
         <value>0xe3fc</value>
         <object_component_ref idref="oc-888"/>
      </symbol>
      <symbol id="sm-f74">
         <name>__mspabi_sral_5</name>
         <value>0xe3f8</value>
         <object_component_ref idref="oc-888"/>
      </symbol>
      <symbol id="sm-f75">
         <name>__mspabi_sral_2</name>
         <value>0xe404</value>
         <object_component_ref idref="oc-888"/>
      </symbol>
      <symbol id="sm-f76">
         <name>__mspabi_sral_3</name>
         <value>0xe400</value>
         <object_component_ref idref="oc-888"/>
      </symbol>
      <symbol id="sm-f77">
         <name>__mspabi_sral_1</name>
         <value>0xe408</value>
         <object_component_ref idref="oc-888"/>
      </symbol>
      <symbol id="sm-f87">
         <name>__mspabi_srll_8</name>
         <value>0xe468</value>
         <object_component_ref idref="oc-97d"/>
      </symbol>
      <symbol id="sm-f88">
         <name>__mspabi_srll_9</name>
         <value>0xe464</value>
         <object_component_ref idref="oc-97d"/>
      </symbol>
      <symbol id="sm-f89">
         <name>__mspabi_srll_6</name>
         <value>0xe470</value>
         <object_component_ref idref="oc-97d"/>
      </symbol>
      <symbol id="sm-f8a">
         <name>__mspabi_srll_7</name>
         <value>0xe46c</value>
         <object_component_ref idref="oc-97d"/>
      </symbol>
      <symbol id="sm-f8b">
         <name>__mspabi_srll_4</name>
         <value>0xe478</value>
         <object_component_ref idref="oc-97d"/>
      </symbol>
      <symbol id="sm-f8c">
         <name>__mspabi_srll_5</name>
         <value>0xe474</value>
         <object_component_ref idref="oc-97d"/>
      </symbol>
      <symbol id="sm-f8d">
         <name>__mspabi_srll_2</name>
         <value>0xe480</value>
         <object_component_ref idref="oc-97d"/>
      </symbol>
      <symbol id="sm-f8e">
         <name>__mspabi_srll_3</name>
         <value>0xe47c</value>
         <object_component_ref idref="oc-97d"/>
      </symbol>
      <symbol id="sm-f8f">
         <name>__mspabi_srll_1</name>
         <value>0xe484</value>
         <object_component_ref idref="oc-97d"/>
      </symbol>
      <symbol id="sm-f90">
         <name>__mspabi_srll_15</name>
         <value>0xe44c</value>
         <object_component_ref idref="oc-97d"/>
      </symbol>
      <symbol id="sm-f91">
         <name>__mspabi_srll_14</name>
         <value>0xe450</value>
         <object_component_ref idref="oc-97d"/>
      </symbol>
      <symbol id="sm-f92">
         <name>__mspabi_srll_13</name>
         <value>0xe454</value>
         <object_component_ref idref="oc-97d"/>
      </symbol>
      <symbol id="sm-f93">
         <name>__mspabi_srll_12</name>
         <value>0xe458</value>
         <object_component_ref idref="oc-97d"/>
      </symbol>
      <symbol id="sm-f94">
         <name>__mspabi_srll_11</name>
         <value>0xe45c</value>
         <object_component_ref idref="oc-97d"/>
      </symbol>
      <symbol id="sm-f95">
         <name>__mspabi_srll_10</name>
         <value>0xe460</value>
         <object_component_ref idref="oc-97d"/>
      </symbol>
      <symbol id="sm-f96">
         <name>__mspabi_srll</name>
         <value>0xec44</value>
         <object_component_ref idref="oc-982"/>
      </symbol>
      <symbol id="sm-fa6">
         <name>_c_int00_noargs_mpu</name>
         <value>0xea46</value>
         <object_component_ref idref="oc-403"/>
      </symbol>
      <symbol id="sm-fa7">
         <name>_stack</name>
         <value>0x2310</value>
         <object_component_ref idref="oc-3b5"/>
      </symbol>
      <symbol id="sm-fa8">
         <name>_reset_vector</name>
         <value>0xfffe</value>
         <object_component_ref idref="oc-3b8"/>
      </symbol>
      <symbol id="sm-fce">
         <name>__TI_auto_init_nobinit_hold_wdt</name>
         <value>0xda50</value>
         <object_component_ref idref="oc-589"/>
      </symbol>
      <symbol id="sm-fd7">
         <name>_system_post_cinit</name>
         <value>0xecc8</value>
         <object_component_ref idref="oc-641"/>
      </symbol>
      <symbol id="sm-ff4">
         <name>C$$EXIT</name>
         <value>0xecb0</value>
         <object_component_ref idref="oc-55f"/>
      </symbol>
      <symbol id="sm-ff5">
         <name>abort</name>
         <value>0xecb0</value>
         <object_component_ref idref="oc-55f"/>
      </symbol>
      <symbol id="sm-ff6">
         <name>__TI_enable_exit_profile_output</name>
         <value>0x22ce</value>
         <object_component_ref idref="oc-639"/>
      </symbol>
      <symbol id="sm-ff7">
         <name>exit</name>
         <value>0xe24e</value>
         <object_component_ref idref="oc-565"/>
      </symbol>
      <symbol id="sm-11d2">
         <name>__TI_printfi</name>
         <value>0x9660</value>
         <object_component_ref idref="oc-763"/>
      </symbol>
      <symbol id="sm-11f0">
         <name>__TI_readmsg</name>
         <value>0xe750</value>
         <object_component_ref idref="oc-b9d"/>
      </symbol>
      <symbol id="sm-11f1">
         <name>C$$IO$$</name>
         <value>0xe66c</value>
         <object_component_ref idref="oc-b97"/>
      </symbol>
      <symbol id="sm-11f2">
         <name>_CIOBUF_</name>
         <value>0x4400</value>
         <object_component_ref idref="oc-bd2"/>
      </symbol>
      <symbol id="sm-11f3">
         <name>__TI_writemsg</name>
         <value>0xe642</value>
         <object_component_ref idref="oc-b97"/>
      </symbol>
      <symbol id="sm-1200">
         <name>__mspabi_sllll</name>
         <value>0xe4c4</value>
         <object_component_ref idref="oc-92e"/>
      </symbol>
      <symbol id="sm-120c">
         <name>__mspabi_remlli</name>
         <value>0xdf3a</value>
         <object_component_ref idref="oc-a12"/>
      </symbol>
      <symbol id="sm-1246">
         <name>__mspabi_addd</name>
         <value>0x6fb2</value>
         <object_component_ref idref="oc-7b3"/>
      </symbol>
      <symbol id="sm-1259">
         <name>__mspabi_cvtfd</name>
         <value>0xdbf4</value>
         <object_component_ref idref="oc-74e"/>
      </symbol>
      <symbol id="sm-126e">
         <name>__mspabi_cvtdf</name>
         <value>0xce94</value>
         <object_component_ref idref="oc-7cb"/>
      </symbol>
      <symbol id="sm-127b">
         <name>__mspabi_srall</name>
         <value>0xe2d4</value>
         <object_component_ref idref="oc-928"/>
      </symbol>
      <symbol id="sm-1293">
         <name>__mspabi_divlli</name>
         <value>0xbbc8</value>
         <object_component_ref idref="oc-aeb"/>
      </symbol>
      <symbol id="sm-129d">
         <name>llabs</name>
         <value>0xeb38</value>
         <object_component_ref idref="oc-b8a"/>
      </symbol>
      <symbol id="sm-12a2">
         <name>_ZSt17__throw_bad_allocv</name>
         <value>0xecb0</value>
      </symbol>
   </symbol_table>
   <title>Link successful</title>
</link_info>
